  Determining projects to restore...
c:\Users\joche\source\repos\SivarOs\Sivar.Os\Sivar.Os.Shared\Sivar.Os.Shared.csproj : warning NU1902: Package 'SixLabors.ImageSharp' 3.1.7 has a known moderate severity vulnerability, https://github.com/advisories/GHSA-rxmq-m78w-7wmc [c:\Users\joche\source\repos\SivarOs\Sivar.Os\Xaf.Sivar.Os\Xaf.Sivar.Os.Module\Xaf.Sivar.Os.Module.csproj]
  All projects are up-to-date for restore.
c:\Users\joche\source\repos\SivarOs\Sivar.Os\Sivar.Os.Shared\Sivar.Os.Shared.csproj : warning NU1902: Package 'SixLabors.ImageSharp' 3.1.7 has a known moderate severity vulnerability, https://github.com/advisories/GHSA-rxmq-m78w-7wmc
  Sivar.Os.Shared -> c:\Users\joche\source\repos\SivarOs\Sivar.Os\Sivar.Os.Shared\bin\Debug\net9.0\Sivar.Os.Shared.dll
  Sivar.Os.Data -> c:\Users\joche\source\repos\SivarOs\Sivar.Os\Sivar.Os.Data\bin\Debug\net9.0\Sivar.Os.Data.dll
c:\Users\joche\source\repos\SivarOs\Sivar.Os\Xaf.Sivar.Os\Xaf.Sivar.Os.Module\DatabaseUpdate\Updater.cs(2659,23): warning CS8632: The annotation for nullable reference types should only be used in code within a '#nullable' annotations context. [c:\Users\joche\source\repos\SivarOs\Sivar.Os\Xaf.Sivar.Os\Xaf.Sivar.Os.Module\Xaf.Sivar.Os.Module.csproj]
c:\Users\joche\source\repos\SivarOs\Sivar.Os\Xaf.Sivar.Os\Xaf.Sivar.Os.Module\DatabaseUpdate\Updater.cs(2959,61): warning CS8632: The annotation for nullable reference types should only be used in code within a '#nullable' annotations context. [c:\Users\joche\source\repos\SivarOs\Sivar.Os\Xaf.Sivar.Os\Xaf.Sivar.Os.Module\Xaf.Sivar.Os.Module.csproj]
c:\Users\joche\source\repos\SivarOs\Sivar.Os\Xaf.Sivar.Os\Xaf.Sivar.Os.Module\Module.cs(148,98): warning CS8632: The annotation for nullable reference types should only be used in code within a '#nullable' annotations context. [c:\Users\joche\source\repos\SivarOs\Sivar.Os\Xaf.Sivar.Os\Xaf.Sivar.Os.Module\Xaf.Sivar.Os.Module.csproj]
c:\Users\joche\source\repos\SivarOs\Sivar.Os\Xaf.Sivar.Os\Xaf.Sivar.Os.Module\Module.cs(148,141): warning CS8632: The annotation for nullable reference types should only be used in code within a '#nullable' annotations context. [c:\Users\joche\source\repos\SivarOs\Sivar.Os\Xaf.Sivar.Os\Xaf.Sivar.Os.Module\Xaf.Sivar.Os.Module.csproj]
c:\Users\joche\source\repos\SivarOs\Sivar.Os\Xaf.Sivar.Os\Xaf.Sivar.Os.Module\DatabaseUpdate\Updater.cs(2975,47): warning CS8632: The annotation for nullable reference types should only be used in code within a '#nullable' annotations context. [c:\Users\joche\source\repos\SivarOs\Sivar.Os\Xaf.Sivar.Os\Xaf.Sivar.Os.Module\Xaf.Sivar.Os.Module.csproj]
c:\Users\joche\source\repos\SivarOs\Sivar.Os\Xaf.Sivar.Os\Xaf.Sivar.Os.Module\DatabaseUpdate\Updater.cs(3802,28): warning CS8632: The annotation for nullable reference types should only be used in code within a '#nullable' annotations context. [c:\Users\joche\source\repos\SivarOs\Sivar.Os\Xaf.Sivar.Os\Xaf.Sivar.Os.Module\Xaf.Sivar.Os.Module.csproj]
c:\Users\joche\source\repos\SivarOs\Sivar.Os\Xaf.Sivar.Os\Xaf.Sivar.Os.Module\DatabaseUpdate\Updater.cs(3809,22): warning CS8632: The annotation for nullable reference types should only be used in code within a '#nullable' annotations context. [c:\Users\joche\source\repos\SivarOs\Sivar.Os\Xaf.Sivar.Os\Xaf.Sivar.Os.Module\Xaf.Sivar.Os.Module.csproj]
c:\Users\joche\source\repos\SivarOs\Sivar.Os\Xaf.Sivar.Os\Xaf.Sivar.Os.Module\DatabaseUpdate\Updater.cs(3810,22): warning CS8632: The annotation for nullable reference types should only be used in code within a '#nullable' annotations context. [c:\Users\joche\source\repos\SivarOs\Sivar.Os\Xaf.Sivar.Os\Xaf.Sivar.Os.Module\Xaf.Sivar.Os.Module.csproj]
c:\Users\joche\source\repos\SivarOs\Sivar.Os\Xaf.Sivar.Os\Xaf.Sivar.Os.Module\DatabaseUpdate\Updater.cs(3811,22): warning CS8632: The annotation for nullable reference types should only be used in code within a '#nullable' annotations context. [c:\Users\joche\source\repos\SivarOs\Sivar.Os\Xaf.Sivar.Os\Xaf.Sivar.Os.Module\Xaf.Sivar.Os.Module.csproj]
c:\Users\joche\source\repos\SivarOs\Sivar.Os\Xaf.Sivar.Os\Xaf.Sivar.Os.Module\DatabaseUpdate\Updater.cs(3803,37): warning CS8632: The annotation for nullable reference types should only be used in code within a '#nullable' annotations context. [c:\Users\joche\source\repos\SivarOs\Sivar.Os\Xaf.Sivar.Os\Xaf.Sivar.Os.Module\Xaf.Sivar.Os.Module.csproj]
c:\Users\joche\source\repos\SivarOs\Sivar.Os\Xaf.Sivar.Os\Xaf.Sivar.Os.Module\DatabaseUpdate\Updater.cs(3812,22): warning CS8632: The annotation for nullable reference types should only be used in code within a '#nullable' annotations context. [c:\Users\joche\source\repos\SivarOs\Sivar.Os\Xaf.Sivar.Os\Xaf.Sivar.Os.Module\Xaf.Sivar.Os.Module.csproj]
c:\Users\joche\source\repos\SivarOs\Sivar.Os\Xaf.Sivar.Os\Xaf.Sivar.Os.Module\DatabaseUpdate\Updater.cs(3804,34): warning CS8632: The annotation for nullable reference types should only be used in code within a '#nullable' annotations context. [c:\Users\joche\source\repos\SivarOs\Sivar.Os\Xaf.Sivar.Os\Xaf.Sivar.Os.Module\Xaf.Sivar.Os.Module.csproj]
c:\Users\joche\source\repos\SivarOs\Sivar.Os\Xaf.Sivar.Os\Xaf.Sivar.Os.Module\DatabaseUpdate\Updater.cs(3819,22): warning CS8632: The annotation for nullable reference types should only be used in code within a '#nullable' annotations context. [c:\Users\joche\source\repos\SivarOs\Sivar.Os\Xaf.Sivar.Os\Xaf.Sivar.Os.Module\Xaf.Sivar.Os.Module.csproj]
c:\Users\joche\source\repos\SivarOs\Sivar.Os\Xaf.Sivar.Os\Xaf.Sivar.Os.Module\DatabaseUpdate\Updater.cs(3820,22): warning CS8632: The annotation for nullable reference types should only be used in code within a '#nullable' annotations context. [c:\Users\joche\source\repos\SivarOs\Sivar.Os\Xaf.Sivar.Os\Xaf.Sivar.Os.Module\Xaf.Sivar.Os.Module.csproj]
c:\Users\joche\source\repos\SivarOs\Sivar.Os\Xaf.Sivar.Os\Xaf.Sivar.Os.Module\DatabaseUpdate\Updater.cs(3821,22): warning CS8632: The annotation for nullable reference types should only be used in code within a '#nullable' annotations context. [c:\Users\joche\source\repos\SivarOs\Sivar.Os\Xaf.Sivar.Os\Xaf.Sivar.Os.Module\Xaf.Sivar.Os.Module.csproj]
c:\Users\joche\source\repos\SivarOs\Sivar.Os\Xaf.Sivar.Os\Xaf.Sivar.Os.Module\DatabaseUpdate\Updater.cs(3822,22): warning CS8632: The annotation for nullable reference types should only be used in code within a '#nullable' annotations context. [c:\Users\joche\source\repos\SivarOs\Sivar.Os\Xaf.Sivar.Os\Xaf.Sivar.Os.Module\Xaf.Sivar.Os.Module.csproj]
c:\Users\joche\source\repos\SivarOs\Sivar.Os\Xaf.Sivar.Os\Xaf.Sivar.Os.Module\DatabaseUpdate\Updater.cs(3828,28): warning CS8632: The annotation for nullable reference types should only be used in code within a '#nullable' annotations context. [c:\Users\joche\source\repos\SivarOs\Sivar.Os\Xaf.Sivar.Os\Xaf.Sivar.Os.Module\Xaf.Sivar.Os.Module.csproj]
c:\Users\joche\source\repos\SivarOs\Sivar.Os\Xaf.Sivar.Os\Xaf.Sivar.Os.Module\DatabaseUpdate\Updater.cs(3877,22): warning CS8632: The annotation for nullable reference types should only be used in code within a '#nullable' annotations context. [c:\Users\joche\source\repos\SivarOs\Sivar.Os\Xaf.Sivar.Os\Xaf.Sivar.Os.Module\Xaf.Sivar.Os.Module.csproj]
c:\Users\joche\source\repos\SivarOs\Sivar.Os\Xaf.Sivar.Os\Xaf.Sivar.Os.Module\DatabaseUpdate\Updater.cs(3878,22): warning CS8632: The annotation for nullable reference types should only be used in code within a '#nullable' annotations context. [c:\Users\joche\source\repos\SivarOs\Sivar.Os\Xaf.Sivar.Os\Xaf.Sivar.Os.Module\Xaf.Sivar.Os.Module.csproj]
c:\Users\joche\source\repos\SivarOs\Sivar.Os\Xaf.Sivar.Os\Xaf.Sivar.Os.Module\DatabaseUpdate\Updater.cs(3879,22): warning CS8632: The annotation for nullable reference types should only be used in code within a '#nullable' annotations context. [c:\Users\joche\source\repos\SivarOs\Sivar.Os\Xaf.Sivar.Os\Xaf.Sivar.Os.Module\Xaf.Sivar.Os.Module.csproj]
c:\Users\joche\source\repos\SivarOs\Sivar.Os\Xaf.Sivar.Os\Xaf.Sivar.Os.Module\DatabaseUpdate\Updater.cs(3836,22): warning CS8632: The annotation for nullable reference types should only be used in code within a '#nullable' annotations context. [c:\Users\joche\source\repos\SivarOs\Sivar.Os\Xaf.Sivar.Os\Xaf.Sivar.Os.Module\Xaf.Sivar.Os.Module.csproj]
c:\Users\joche\source\repos\SivarOs\Sivar.Os\Xaf.Sivar.Os\Xaf.Sivar.Os.Module\DatabaseUpdate\Updater.cs(3862,22): warning CS8632: The annotation for nullable reference types should only be used in code within a '#nullable' annotations context. [c:\Users\joche\source\repos\SivarOs\Sivar.Os\Xaf.Sivar.Os\Xaf.Sivar.Os.Module\Xaf.Sivar.Os.Module.csproj]
c:\Users\joche\source\repos\SivarOs\Sivar.Os\Xaf.Sivar.Os\Xaf.Sivar.Os.Module\DatabaseUpdate\Updater.cs(3837,22): warning CS8632: The annotation for nullable reference types should only be used in code within a '#nullable' annotations context. [c:\Users\joche\source\repos\SivarOs\Sivar.Os\Xaf.Sivar.Os\Xaf.Sivar.Os.Module\Xaf.Sivar.Os.Module.csproj]
c:\Users\joche\source\repos\SivarOs\Sivar.Os\Xaf.Sivar.Os\Xaf.Sivar.Os.Module\DatabaseUpdate\Updater.cs(3863,22): warning CS8632: The annotation for nullable reference types should only be used in code within a '#nullable' annotations context. [c:\Users\joche\source\repos\SivarOs\Sivar.Os\Xaf.Sivar.Os\Xaf.Sivar.Os.Module\Xaf.Sivar.Os.Module.csproj]
c:\Users\joche\source\repos\SivarOs\Sivar.Os\Xaf.Sivar.Os\Xaf.Sivar.Os.Module\DatabaseUpdate\Updater.cs(3864,22): warning CS8632: The annotation for nullable reference types should only be used in code within a '#nullable' annotations context. [c:\Users\joche\source\repos\SivarOs\Sivar.Os\Xaf.Sivar.Os\Xaf.Sivar.Os.Module\Xaf.Sivar.Os.Module.csproj]
c:\Users\joche\source\repos\SivarOs\Sivar.Os\Xaf.Sivar.Os\Xaf.Sivar.Os.Module\DatabaseUpdate\Updater.cs(3865,22): warning CS8632: The annotation for nullable reference types should only be used in code within a '#nullable' annotations context. [c:\Users\joche\source\repos\SivarOs\Sivar.Os\Xaf.Sivar.Os\Xaf.Sivar.Os.Module\Xaf.Sivar.Os.Module.csproj]
c:\Users\joche\source\repos\SivarOs\Sivar.Os\Xaf.Sivar.Os\Xaf.Sivar.Os.Module\DatabaseUpdate\Updater.cs(3866,22): warning CS8632: The annotation for nullable reference types should only be used in code within a '#nullable' annotations context. [c:\Users\joche\source\repos\SivarOs\Sivar.Os\Xaf.Sivar.Os\Xaf.Sivar.Os.Module\Xaf.Sivar.Os.Module.csproj]
c:\Users\joche\source\repos\SivarOs\Sivar.Os\Xaf.Sivar.Os\Xaf.Sivar.Os.Module\DatabaseUpdate\Updater.cs(3867,22): warning CS8632: The annotation for nullable reference types should only be used in code within a '#nullable' annotations context. [c:\Users\joche\source\repos\SivarOs\Sivar.Os\Xaf.Sivar.Os\Xaf.Sivar.Os.Module\Xaf.Sivar.Os.Module.csproj]
c:\Users\joche\source\repos\SivarOs\Sivar.Os\Xaf.Sivar.Os\Xaf.Sivar.Os.Module\DatabaseUpdate\Updater.cs(3895,22): warning CS8632: The annotation for nullable reference types should only be used in code within a '#nullable' annotations context. [c:\Users\joche\source\repos\SivarOs\Sivar.Os\Xaf.Sivar.Os\Xaf.Sivar.Os.Module\Xaf.Sivar.Os.Module.csproj]
c:\Users\joche\source\repos\SivarOs\Sivar.Os\Xaf.Sivar.Os\Xaf.Sivar.Os.Module\DatabaseUpdate\Updater.cs(3838,28): warning CS8632: The annotation for nullable reference types should only be used in code within a '#nullable' annotations context. [c:\Users\joche\source\repos\SivarOs\Sivar.Os\Xaf.Sivar.Os\Xaf.Sivar.Os.Module\Xaf.Sivar.Os.Module.csproj]
c:\Users\joche\source\repos\SivarOs\Sivar.Os\Xaf.Sivar.Os\Xaf.Sivar.Os.Module\DatabaseUpdate\Updater.cs(3868,22): warning CS8632: The annotation for nullable reference types should only be used in code within a '#nullable' annotations context. [c:\Users\joche\source\repos\SivarOs\Sivar.Os\Xaf.Sivar.Os\Xaf.Sivar.Os.Module\Xaf.Sivar.Os.Module.csproj]
c:\Users\joche\source\repos\SivarOs\Sivar.Os\Xaf.Sivar.Os\Xaf.Sivar.Os.Module\DatabaseUpdate\Updater.cs(3888,22): warning CS8632: The annotation for nullable reference types should only be used in code within a '#nullable' annotations context. [c:\Users\joche\source\repos\SivarOs\Sivar.Os\Xaf.Sivar.Os\Xaf.Sivar.Os.Module\Xaf.Sivar.Os.Module.csproj]
c:\Users\joche\source\repos\SivarOs\Sivar.Os\Xaf.Sivar.Os\Xaf.Sivar.Os.Module\DatabaseUpdate\Updater.cs(3869,22): warning CS8632: The annotation for nullable reference types should only be used in code within a '#nullable' annotations context. [c:\Users\joche\source\repos\SivarOs\Sivar.Os\Xaf.Sivar.Os\Xaf.Sivar.Os.Module\Xaf.Sivar.Os.Module.csproj]
c:\Users\joche\source\repos\SivarOs\Sivar.Os\Xaf.Sivar.Os\Xaf.Sivar.Os.Module\DatabaseUpdate\Updater.cs(3889,22): warning CS8632: The annotation for nullable reference types should only be used in code within a '#nullable' annotations context. [c:\Users\joche\source\repos\SivarOs\Sivar.Os\Xaf.Sivar.Os\Xaf.Sivar.Os.Module\Xaf.Sivar.Os.Module.csproj]
c:\Users\joche\source\repos\SivarOs\Sivar.Os\Xaf.Sivar.Os\Xaf.Sivar.Os.Module\DatabaseUpdate\Updater.cs(3896,22): warning CS8632: The annotation for nullable reference types should only be used in code within a '#nullable' annotations context. [c:\Users\joche\source\repos\SivarOs\Sivar.Os\Xaf.Sivar.Os\Xaf.Sivar.Os.Module\Xaf.Sivar.Os.Module.csproj]
c:\Users\joche\source\repos\SivarOs\Sivar.Os\Xaf.Sivar.Os\Xaf.Sivar.Os.Module\DatabaseUpdate\Updater.cs(3839,32): warning CS8632: The annotation for nullable reference types should only be used in code within a '#nullable' annotations context. [c:\Users\joche\source\repos\SivarOs\Sivar.Os\Xaf.Sivar.Os\Xaf.Sivar.Os.Module\Xaf.Sivar.Os.Module.csproj]
c:\Users\joche\source\repos\SivarOs\Sivar.Os\Xaf.Sivar.Os\Xaf.Sivar.Os.Module\DatabaseUpdate\Updater.cs(3897,22): warning CS8632: The annotation for nullable reference types should only be used in code within a '#nullable' annotations context. [c:\Users\joche\source\repos\SivarOs\Sivar.Os\Xaf.Sivar.Os\Xaf.Sivar.Os.Module\Xaf.Sivar.Os.Module.csproj]
c:\Users\joche\source\repos\SivarOs\Sivar.Os\Xaf.Sivar.Os\Xaf.Sivar.Os.Module\DatabaseUpdate\Updater.cs(3872,22): warning CS8632: The annotation for nullable reference types should only be used in code within a '#nullable' annotations context. [c:\Users\joche\source\repos\SivarOs\Sivar.Os\Xaf.Sivar.Os\Xaf.Sivar.Os.Module\Xaf.Sivar.Os.Module.csproj]
c:\Users\joche\source\repos\SivarOs\Sivar.Os\Xaf.Sivar.Os\Xaf.Sivar.Os.Module\DatabaseUpdate\Updater.cs(3840,28): warning CS8632: The annotation for nullable reference types should only be used in code within a '#nullable' annotations context. [c:\Users\joche\source\repos\SivarOs\Sivar.Os\Xaf.Sivar.Os\Xaf.Sivar.Os.Module\Xaf.Sivar.Os.Module.csproj]
c:\Users\joche\source\repos\SivarOs\Sivar.Os\Xaf.Sivar.Os\Xaf.Sivar.Os.Module\DatabaseUpdate\Updater.cs(3900,32): warning CS8632: The annotation for nullable reference types should only be used in code within a '#nullable' annotations context. [c:\Users\joche\source\repos\SivarOs\Sivar.Os\Xaf.Sivar.Os\Xaf.Sivar.Os.Module\Xaf.Sivar.Os.Module.csproj]
c:\Users\joche\source\repos\SivarOs\Sivar.Os\Xaf.Sivar.Os\Xaf.Sivar.Os.Module\DatabaseUpdate\Updater.cs(3846,28): warning CS8632: The annotation for nullable reference types should only be used in code within a '#nullable' annotations context. [c:\Users\joche\source\repos\SivarOs\Sivar.Os\Xaf.Sivar.Os\Xaf.Sivar.Os.Module\Xaf.Sivar.Os.Module.csproj]
c:\Users\joche\source\repos\SivarOs\Sivar.Os\Xaf.Sivar.Os\Xaf.Sivar.Os.Module\DatabaseUpdate\Updater.cs(3901,22): warning CS8632: The annotation for nullable reference types should only be used in code within a '#nullable' annotations context. [c:\Users\joche\source\repos\SivarOs\Sivar.Os\Xaf.Sivar.Os\Xaf.Sivar.Os.Module\Xaf.Sivar.Os.Module.csproj]
c:\Users\joche\source\repos\SivarOs\Sivar.Os\Xaf.Sivar.Os\Xaf.Sivar.Os.Module\DatabaseUpdate\Updater.cs(3848,31): warning CS8632: The annotation for nullable reference types should only be used in code within a '#nullable' annotations context. [c:\Users\joche\source\repos\SivarOs\Sivar.Os\Xaf.Sivar.Os\Xaf.Sivar.Os.Module\Xaf.Sivar.Os.Module.csproj]
c:\Users\joche\source\repos\SivarOs\Sivar.Os\Xaf.Sivar.Os\Xaf.Sivar.Os.Module\DatabaseUpdate\Updater.cs(3849,36): warning CS8632: The annotation for nullable reference types should only be used in code within a '#nullable' annotations context. [c:\Users\joche\source\repos\SivarOs\Sivar.Os\Xaf.Sivar.Os\Xaf.Sivar.Os.Module\Xaf.Sivar.Os.Module.csproj]
c:\Users\joche\source\repos\SivarOs\Sivar.Os\Xaf.Sivar.Os\Xaf.Sivar.Os.Module\DatabaseUpdate\Updater.cs(3850,43): warning CS8632: The annotation for nullable reference types should only be used in code within a '#nullable' annotations context. [c:\Users\joche\source\repos\SivarOs\Sivar.Os\Xaf.Sivar.Os\Xaf.Sivar.Os.Module\Xaf.Sivar.Os.Module.csproj]
c:\Users\joche\source\repos\SivarOs\Sivar.Os\Xaf.Sivar.Os\Xaf.Sivar.Os.Module\DatabaseUpdate\Updater.cs(3856,22): warning CS8632: The annotation for nullable reference types should only be used in code within a '#nullable' annotations context. [c:\Users\joche\source\repos\SivarOs\Sivar.Os\Xaf.Sivar.Os\Xaf.Sivar.Os.Module\Xaf.Sivar.Os.Module.csproj]
c:\Users\joche\source\repos\SivarOs\Sivar.Os\Xaf.Sivar.Os\Xaf.Sivar.Os.Module\DatabaseUpdate\Updater.cs(3918,22): warning CS8632: The annotation for nullable reference types should only be used in code within a '#nullable' annotations context. [c:\Users\joche\source\repos\SivarOs\Sivar.Os\Xaf.Sivar.Os\Xaf.Sivar.Os.Module\Xaf.Sivar.Os.Module.csproj]
c:\Users\joche\source\repos\SivarOs\Sivar.Os\Xaf.Sivar.Os\Xaf.Sivar.Os.Module\DatabaseUpdate\Updater.cs(3906,31): warning CS8632: The annotation for nullable reference types should only be used in code within a '#nullable' annotations context. [c:\Users\joche\source\repos\SivarOs\Sivar.Os\Xaf.Sivar.Os\Xaf.Sivar.Os.Module\Xaf.Sivar.Os.Module.csproj]
c:\Users\joche\source\repos\SivarOs\Sivar.Os\Xaf.Sivar.Os\Xaf.Sivar.Os.Module\DatabaseUpdate\Updater.cs(3919,22): warning CS8632: The annotation for nullable reference types should only be used in code within a '#nullable' annotations context. [c:\Users\joche\source\repos\SivarOs\Sivar.Os\Xaf.Sivar.Os\Xaf.Sivar.Os.Module\Xaf.Sivar.Os.Module.csproj]
c:\Users\joche\source\repos\SivarOs\Sivar.Os\Xaf.Sivar.Os\Xaf.Sivar.Os.Module\DatabaseUpdate\Updater.cs(3907,31): warning CS8632: The annotation for nullable reference types should only be used in code within a '#nullable' annotations context. [c:\Users\joche\source\repos\SivarOs\Sivar.Os\Xaf.Sivar.Os\Xaf.Sivar.Os.Module\Xaf.Sivar.Os.Module.csproj]
c:\Users\joche\source\repos\SivarOs\Sivar.Os\Xaf.Sivar.Os\Xaf.Sivar.Os.Module\DatabaseUpdate\Updater.cs(3908,31): warning CS8632: The annotation for nullable reference types should only be used in code within a '#nullable' annotations context. [c:\Users\joche\source\repos\SivarOs\Sivar.Os\Xaf.Sivar.Os\Xaf.Sivar.Os.Module\Xaf.Sivar.Os.Module.csproj]
c:\Users\joche\source\repos\SivarOs\Sivar.Os\Xaf.Sivar.Os\Xaf.Sivar.Os.Module\DatabaseUpdate\Updater.cs(3909,31): warning CS8632: The annotation for nullable reference types should only be used in code within a '#nullable' annotations context. [c:\Users\joche\source\repos\SivarOs\Sivar.Os\Xaf.Sivar.Os\Xaf.Sivar.Os.Module\Xaf.Sivar.Os.Module.csproj]
c:\Users\joche\source\repos\SivarOs\Sivar.Os\Xaf.Sivar.Os\Xaf.Sivar.Os.Module\DatabaseUpdate\Updater.cs(3910,31): warning CS8632: The annotation for nullable reference types should only be used in code within a '#nullable' annotations context. [c:\Users\joche\source\repos\SivarOs\Sivar.Os\Xaf.Sivar.Os\Xaf.Sivar.Os.Module\Xaf.Sivar.Os.Module.csproj]
c:\Users\joche\source\repos\SivarOs\Sivar.Os\Xaf.Sivar.Os\Xaf.Sivar.Os.Module\DatabaseUpdate\Updater.cs(3911,31): warning CS8632: The annotation for nullable reference types should only be used in code within a '#nullable' annotations context. [c:\Users\joche\source\repos\SivarOs\Sivar.Os\Xaf.Sivar.Os\Xaf.Sivar.Os.Module\Xaf.Sivar.Os.Module.csproj]
c:\Users\joche\source\repos\SivarOs\Sivar.Os\Xaf.Sivar.Os\Xaf.Sivar.Os.Module\DatabaseUpdate\Updater.cs(3912,31): warning CS8632: The annotation for nullable reference types should only be used in code within a '#nullable' annotations context. [c:\Users\joche\source\repos\SivarOs\Sivar.Os\Xaf.Sivar.Os\Xaf.Sivar.Os.Module\Xaf.Sivar.Os.Module.csproj]
c:\Users\joche\source\repos\SivarOs\Sivar.Os\Xaf.Sivar.Os\Xaf.Sivar.Os.Module\DatabaseUpdate\Updater.cs(3880,22): warning CS8632: The annotation for nullable reference types should only be used in code within a '#nullable' annotations context. [c:\Users\joche\source\repos\SivarOs\Sivar.Os\Xaf.Sivar.Os\Xaf.Sivar.Os.Module\Xaf.Sivar.Os.Module.csproj]
c:\Users\joche\source\repos\SivarOs\Sivar.Os\Xaf.Sivar.Os\Xaf.Sivar.Os.Module\BusinessObjects\OsDbContext.cs(38,33): warning CS0109: The member 'OsEFCoreDbContext.Events' does not hide an accessible member. The new keyword is not required. [c:\Users\joche\source\repos\SivarOs\Sivar.Os\Xaf.Sivar.Os\Xaf.Sivar.Os.Module\Xaf.Sivar.Os.Module.csproj]
c:\Users\joche\source\repos\SivarOs\Sivar.Os\Xaf.Sivar.Os\Xaf.Sivar.Os.Module\DatabaseUpdate\Updater.cs(3928,22): warning CS8632: The annotation for nullable reference types should only be used in code within a '#nullable' annotations context. [c:\Users\joche\source\repos\SivarOs\Sivar.Os\Xaf.Sivar.Os\Xaf.Sivar.Os.Module\Xaf.Sivar.Os.Module.csproj]
c:\Users\joche\source\repos\SivarOs\Sivar.Os\Xaf.Sivar.Os\Xaf.Sivar.Os.Module\DatabaseUpdate\Updater.cs(3929,22): warning CS8632: The annotation for nullable reference types should only be used in code within a '#nullable' annotations context. [c:\Users\joche\source\repos\SivarOs\Sivar.Os\Xaf.Sivar.Os\Xaf.Sivar.Os.Module\Xaf.Sivar.Os.Module.csproj]
c:\Users\joche\source\repos\SivarOs\Sivar.Os\Xaf.Sivar.Os\Xaf.Sivar.Os.Module\DatabaseUpdate\Updater.cs(3930,22): warning CS8632: The annotation for nullable reference types should only be used in code within a '#nullable' annotations context. [c:\Users\joche\source\repos\SivarOs\Sivar.Os\Xaf.Sivar.Os\Xaf.Sivar.Os.Module\Xaf.Sivar.Os.Module.csproj]
c:\Users\joche\source\repos\SivarOs\Sivar.Os\Xaf.Sivar.Os\Xaf.Sivar.Os.Module\DatabaseUpdate\Updater.cs(3931,28): warning CS8632: The annotation for nullable reference types should only be used in code within a '#nullable' annotations context. [c:\Users\joche\source\repos\SivarOs\Sivar.Os\Xaf.Sivar.Os\Xaf.Sivar.Os.Module\Xaf.Sivar.Os.Module.csproj]
c:\Users\joche\source\repos\SivarOs\Sivar.Os\Xaf.Sivar.Os\Xaf.Sivar.Os.Module\DatabaseUpdate\Updater.cs(3932,22): warning CS8632: The annotation for nullable reference types should only be used in code within a '#nullable' annotations context. [c:\Users\joche\source\repos\SivarOs\Sivar.Os\Xaf.Sivar.Os\Xaf.Sivar.Os.Module\Xaf.Sivar.Os.Module.csproj]
c:\Users\joche\source\repos\SivarOs\Sivar.Os\Xaf.Sivar.Os\Xaf.Sivar.Os.Module\DatabaseUpdate\Updater.cs(1606,42): warning CS8632: The annotation for nullable reference types should only be used in code within a '#nullable' annotations context. [c:\Users\joche\source\repos\SivarOs\Sivar.Os\Xaf.Sivar.Os\Xaf.Sivar.Os.Module\Xaf.Sivar.Os.Module.csproj]
c:\Users\joche\source\repos\SivarOs\Sivar.Os\Xaf.Sivar.Os\Xaf.Sivar.Os.Module\DatabaseUpdate\Updater.cs(1621,46): warning CS8632: The annotation for nullable reference types should only be used in code within a '#nullable' annotations context. [c:\Users\joche\source\repos\SivarOs\Sivar.Os\Xaf.Sivar.Os\Xaf.Sivar.Os.Module\Xaf.Sivar.Os.Module.csproj]
c:\Users\joche\source\repos\SivarOs\Sivar.Os\Xaf.Sivar.Os\Xaf.Sivar.Os.Module\DatabaseUpdate\Updater.cs(1622,42): warning CS8632: The annotation for nullable reference types should only be used in code within a '#nullable' annotations context. [c:\Users\joche\source\repos\SivarOs\Sivar.Os\Xaf.Sivar.Os\Xaf.Sivar.Os.Module\Xaf.Sivar.Os.Module.csproj]
c:\Users\joche\source\repos\SivarOs\Sivar.Os\Xaf.Sivar.Os\Xaf.Sivar.Os.Module\DatabaseUpdate\Updater.cs(1657,46): warning CS8632: The annotation for nullable reference types should only be used in code within a '#nullable' annotations context. [c:\Users\joche\source\repos\SivarOs\Sivar.Os\Xaf.Sivar.Os\Xaf.Sivar.Os.Module\Xaf.Sivar.Os.Module.csproj]
c:\Users\joche\source\repos\SivarOs\Sivar.Os\Xaf.Sivar.Os\Xaf.Sivar.Os.Module\DatabaseUpdate\Updater.cs(1673,46): warning CS8632: The annotation for nullable reference types should only be used in code within a '#nullable' annotations context. [c:\Users\joche\source\repos\SivarOs\Sivar.Os\Xaf.Sivar.Os\Xaf.Sivar.Os.Module\Xaf.Sivar.Os.Module.csproj]
c:\Users\joche\source\repos\SivarOs\Sivar.Os\Xaf.Sivar.Os\Xaf.Sivar.Os.Module\DatabaseUpdate\Updater.cs(1694,42): warning CS8632: The annotation for nullable reference types should only be used in code within a '#nullable' annotations context. [c:\Users\joche\source\repos\SivarOs\Sivar.Os\Xaf.Sivar.Os\Xaf.Sivar.Os.Module\Xaf.Sivar.Os.Module.csproj]
c:\Users\joche\source\repos\SivarOs\Sivar.Os\Xaf.Sivar.Os\Xaf.Sivar.Os.Module\DatabaseUpdate\Updater.cs(1713,46): warning CS8632: The annotation for nullable reference types should only be used in code within a '#nullable' annotations context. [c:\Users\joche\source\repos\SivarOs\Sivar.Os\Xaf.Sivar.Os\Xaf.Sivar.Os.Module\Xaf.Sivar.Os.Module.csproj]
c:\Users\joche\source\repos\SivarOs\Sivar.Os\Xaf.Sivar.Os\Xaf.Sivar.Os.Module\DatabaseUpdate\Updater.cs(1714,42): warning CS8632: The annotation for nullable reference types should only be used in code within a '#nullable' annotations context. [c:\Users\joche\source\repos\SivarOs\Sivar.Os\Xaf.Sivar.Os\Xaf.Sivar.Os.Module\Xaf.Sivar.Os.Module.csproj]
c:\Users\joche\source\repos\SivarOs\Sivar.Os\Xaf.Sivar.Os\Xaf.Sivar.Os.Module\DatabaseUpdate\Updater.cs(1729,46): warning CS8632: The annotation for nullable reference types should only be used in code within a '#nullable' annotations context. [c:\Users\joche\source\repos\SivarOs\Sivar.Os\Xaf.Sivar.Os\Xaf.Sivar.Os.Module\Xaf.Sivar.Os.Module.csproj]
c:\Users\joche\source\repos\SivarOs\Sivar.Os\Xaf.Sivar.Os\Xaf.Sivar.Os.Module\DatabaseUpdate\Updater.cs(1745,46): warning CS8632: The annotation for nullable reference types should only be used in code within a '#nullable' annotations context. [c:\Users\joche\source\repos\SivarOs\Sivar.Os\Xaf.Sivar.Os\Xaf.Sivar.Os.Module\Xaf.Sivar.Os.Module.csproj]
c:\Users\joche\source\repos\SivarOs\Sivar.Os\Xaf.Sivar.Os\Xaf.Sivar.Os.Module\DatabaseUpdate\Updater.cs(1746,42): warning CS8632: The annotation for nullable reference types should only be used in code within a '#nullable' annotations context. [c:\Users\joche\source\repos\SivarOs\Sivar.Os\Xaf.Sivar.Os\Xaf.Sivar.Os.Module\Xaf.Sivar.Os.Module.csproj]
c:\Users\joche\source\repos\SivarOs\Sivar.Os\Xaf.Sivar.Os\Xaf.Sivar.Os.Module\DatabaseUpdate\Updater.cs(1766,42): warning CS8632: The annotation for nullable reference types should only be used in code within a '#nullable' annotations context. [c:\Users\joche\source\repos\SivarOs\Sivar.Os\Xaf.Sivar.Os\Xaf.Sivar.Os.Module\Xaf.Sivar.Os.Module.csproj]
c:\Users\joche\source\repos\SivarOs\Sivar.Os\Xaf.Sivar.Os\Xaf.Sivar.Os.Module\DatabaseUpdate\Updater.cs(1781,46): warning CS8632: The annotation for nullable reference types should only be used in code within a '#nullable' annotations context. [c:\Users\joche\source\repos\SivarOs\Sivar.Os\Xaf.Sivar.Os\Xaf.Sivar.Os.Module\Xaf.Sivar.Os.Module.csproj]
c:\Users\joche\source\repos\SivarOs\Sivar.Os\Xaf.Sivar.Os\Xaf.Sivar.Os.Module\DatabaseUpdate\Updater.cs(1782,42): warning CS8632: The annotation for nullable reference types should only be used in code within a '#nullable' annotations context. [c:\Users\joche\source\repos\SivarOs\Sivar.Os\Xaf.Sivar.Os\Xaf.Sivar.Os.Module\Xaf.Sivar.Os.Module.csproj]
c:\Users\joche\source\repos\SivarOs\Sivar.Os\Xaf.Sivar.Os\Xaf.Sivar.Os.Module\DatabaseUpdate\Updater.cs(1797,46): warning CS8632: The annotation for nullable reference types should only be used in code within a '#nullable' annotations context. [c:\Users\joche\source\repos\SivarOs\Sivar.Os\Xaf.Sivar.Os\Xaf.Sivar.Os.Module\Xaf.Sivar.Os.Module.csproj]
c:\Users\joche\source\repos\SivarOs\Sivar.Os\Xaf.Sivar.Os\Xaf.Sivar.Os.Module\DatabaseUpdate\Updater.cs(1798,42): warning CS8632: The annotation for nullable reference types should only be used in code within a '#nullable' annotations context. [c:\Users\joche\source\repos\SivarOs\Sivar.Os\Xaf.Sivar.Os\Xaf.Sivar.Os.Module\Xaf.Sivar.Os.Module.csproj]
c:\Users\joche\source\repos\SivarOs\Sivar.Os\Xaf.Sivar.Os\Xaf.Sivar.Os.Module\DatabaseUpdate\Updater.cs(1817,46): warning CS8632: The annotation for nullable reference types should only be used in code within a '#nullable' annotations context. [c:\Users\joche\source\repos\SivarOs\Sivar.Os\Xaf.Sivar.Os\Xaf.Sivar.Os.Module\Xaf.Sivar.Os.Module.csproj]
c:\Users\joche\source\repos\SivarOs\Sivar.Os\Xaf.Sivar.Os\Xaf.Sivar.Os.Module\DatabaseUpdate\Updater.cs(1818,42): warning CS8632: The annotation for nullable reference types should only be used in code within a '#nullable' annotations context. [c:\Users\joche\source\repos\SivarOs\Sivar.Os\Xaf.Sivar.Os\Xaf.Sivar.Os.Module\Xaf.Sivar.Os.Module.csproj]
c:\Users\joche\source\repos\SivarOs\Sivar.Os\Xaf.Sivar.Os\Xaf.Sivar.Os.Module\DatabaseUpdate\Updater.cs(1827,44): warning CS8632: The annotation for nullable reference types should only be used in code within a '#nullable' annotations context. [c:\Users\joche\source\repos\SivarOs\Sivar.Os\Xaf.Sivar.Os\Xaf.Sivar.Os.Module\Xaf.Sivar.Os.Module.csproj]
c:\Users\joche\source\repos\SivarOs\Sivar.Os\Xaf.Sivar.Os\Xaf.Sivar.Os.Module\DatabaseUpdate\Updater.cs(1833,46): warning CS8632: The annotation for nullable reference types should only be used in code within a '#nullable' annotations context. [c:\Users\joche\source\repos\SivarOs\Sivar.Os\Xaf.Sivar.Os\Xaf.Sivar.Os.Module\Xaf.Sivar.Os.Module.csproj]
c:\Users\joche\source\repos\SivarOs\Sivar.Os\Xaf.Sivar.Os\Xaf.Sivar.Os.Module\DatabaseUpdate\Updater.cs(1834,42): warning CS8632: The annotation for nullable reference types should only be used in code within a '#nullable' annotations context. [c:\Users\joche\source\repos\SivarOs\Sivar.Os\Xaf.Sivar.Os\Xaf.Sivar.Os.Module\Xaf.Sivar.Os.Module.csproj]
c:\Users\joche\source\repos\SivarOs\Sivar.Os\Xaf.Sivar.Os\Xaf.Sivar.Os.Module\DatabaseUpdate\Updater.cs(1849,46): warning CS8632: The annotation for nullable reference types should only be used in code within a '#nullable' annotations context. [c:\Users\joche\source\repos\SivarOs\Sivar.Os\Xaf.Sivar.Os\Xaf.Sivar.Os.Module\Xaf.Sivar.Os.Module.csproj]
c:\Users\joche\source\repos\SivarOs\Sivar.Os\Xaf.Sivar.Os\Xaf.Sivar.Os.Module\DatabaseUpdate\Updater.cs(1850,42): warning CS8632: The annotation for nullable reference types should only be used in code within a '#nullable' annotations context. [c:\Users\joche\source\repos\SivarOs\Sivar.Os\Xaf.Sivar.Os\Xaf.Sivar.Os.Module\Xaf.Sivar.Os.Module.csproj]
c:\Users\joche\source\repos\SivarOs\Sivar.Os\Xaf.Sivar.Os\Xaf.Sivar.Os.Module\DatabaseUpdate\Updater.cs(1863,44): warning CS8632: The annotation for nullable reference types should only be used in code within a '#nullable' annotations context. [c:\Users\joche\source\repos\SivarOs\Sivar.Os\Xaf.Sivar.Os\Xaf.Sivar.Os.Module\Xaf.Sivar.Os.Module.csproj]
c:\Users\joche\source\repos\SivarOs\Sivar.Os\Xaf.Sivar.Os\Xaf.Sivar.Os.Module\DatabaseUpdate\Updater.cs(1869,46): warning CS8632: The annotation for nullable reference types should only be used in code within a '#nullable' annotations context. [c:\Users\joche\source\repos\SivarOs\Sivar.Os\Xaf.Sivar.Os\Xaf.Sivar.Os.Module\Xaf.Sivar.Os.Module.csproj]
c:\Users\joche\source\repos\SivarOs\Sivar.Os\Xaf.Sivar.Os\Xaf.Sivar.Os.Module\DatabaseUpdate\Updater.cs(1870,42): warning CS8632: The annotation for nullable reference types should only be used in code within a '#nullable' annotations context. [c:\Users\joche\source\repos\SivarOs\Sivar.Os\Xaf.Sivar.Os\Xaf.Sivar.Os.Module\Xaf.Sivar.Os.Module.csproj]
c:\Users\joche\source\repos\SivarOs\Sivar.Os\Xaf.Sivar.Os\Xaf.Sivar.Os.Module\DatabaseUpdate\Updater.cs(1879,44): warning CS8632: The annotation for nullable reference types should only be used in code within a '#nullable' annotations context. [c:\Users\joche\source\repos\SivarOs\Sivar.Os\Xaf.Sivar.Os\Xaf.Sivar.Os.Module\Xaf.Sivar.Os.Module.csproj]
c:\Users\joche\source\repos\SivarOs\Sivar.Os\Xaf.Sivar.Os\Xaf.Sivar.Os.Module\DatabaseUpdate\Updater.cs(1885,46): warning CS8632: The annotation for nullable reference types should only be used in code within a '#nullable' annotations context. [c:\Users\joche\source\repos\SivarOs\Sivar.Os\Xaf.Sivar.Os\Xaf.Sivar.Os.Module\Xaf.Sivar.Os.Module.csproj]
c:\Users\joche\source\repos\SivarOs\Sivar.Os\Xaf.Sivar.Os\Xaf.Sivar.Os.Module\DatabaseUpdate\Updater.cs(1886,42): warning CS8632: The annotation for nullable reference types should only be used in code within a '#nullable' annotations context. [c:\Users\joche\source\repos\SivarOs\Sivar.Os\Xaf.Sivar.Os\Xaf.Sivar.Os.Module\Xaf.Sivar.Os.Module.csproj]
c:\Users\joche\source\repos\SivarOs\Sivar.Os\Xaf.Sivar.Os\Xaf.Sivar.Os.Module\DatabaseUpdate\Updater.cs(1895,44): warning CS8632: The annotation for nullable reference types should only be used in code within a '#nullable' annotations context. [c:\Users\joche\source\repos\SivarOs\Sivar.Os\Xaf.Sivar.Os\Xaf.Sivar.Os.Module\Xaf.Sivar.Os.Module.csproj]
c:\Users\joche\source\repos\SivarOs\Sivar.Os\Xaf.Sivar.Os\Xaf.Sivar.Os.Module\DatabaseUpdate\Updater.cs(1901,46): warning CS8632: The annotation for nullable reference types should only be used in code within a '#nullable' annotations context. [c:\Users\joche\source\repos\SivarOs\Sivar.Os\Xaf.Sivar.Os\Xaf.Sivar.Os.Module\Xaf.Sivar.Os.Module.csproj]
c:\Users\joche\source\repos\SivarOs\Sivar.Os\Xaf.Sivar.Os\Xaf.Sivar.Os.Module\DatabaseUpdate\Updater.cs(1902,42): warning CS8632: The annotation for nullable reference types should only be used in code within a '#nullable' annotations context. [c:\Users\joche\source\repos\SivarOs\Sivar.Os\Xaf.Sivar.Os\Xaf.Sivar.Os.Module\Xaf.Sivar.Os.Module.csproj]
c:\Users\joche\source\repos\SivarOs\Sivar.Os\Xaf.Sivar.Os\Xaf.Sivar.Os.Module\DatabaseUpdate\Updater.cs(2350,44): error CS1061: 'ApplicationUser' does not contain a definition for 'Id' and no accessible extension method 'Id' accepting a first argument of type 'ApplicationUser' could be found (are you missing a using directive or an assembly reference?) [c:\Users\joche\source\repos\SivarOs\Sivar.Os\Xaf.Sivar.Os\Xaf.Sivar.Os.Module\Xaf.Sivar.Os.Module.csproj]

Build FAILED.

c:\Users\joche\source\repos\SivarOs\Sivar.Os\Sivar.Os.Shared\Sivar.Os.Shared.csproj : warning NU1902: Package 'SixLabors.ImageSharp' 3.1.7 has a known moderate severity vulnerability, https://github.com/advisories/GHSA-rxmq-m78w-7wmc [c:\Users\joche\source\repos\SivarOs\Sivar.Os\Xaf.Sivar.Os\Xaf.Sivar.Os.Module\Xaf.Sivar.Os.Module.csproj]
c:\Users\joche\source\repos\SivarOs\Sivar.Os\Sivar.Os.Shared\Sivar.Os.Shared.csproj : warning NU1902: Package 'SixLabors.ImageSharp' 3.1.7 has a known moderate severity vulnerability, https://github.com/advisories/GHSA-rxmq-m78w-7wmc
c:\Users\joche\source\repos\SivarOs\Sivar.Os\Xaf.Sivar.Os\Xaf.Sivar.Os.Module\DatabaseUpdate\Updater.cs(2659,23): warning CS8632: The annotation for nullable reference types should only be used in code within a '#nullable' annotations context. [c:\Users\joche\source\repos\SivarOs\Sivar.Os\Xaf.Sivar.Os\Xaf.Sivar.Os.Module\Xaf.Sivar.Os.Module.csproj]
c:\Users\joche\source\repos\SivarOs\Sivar.Os\Xaf.Sivar.Os\Xaf.Sivar.Os.Module\DatabaseUpdate\Updater.cs(2959,61): warning CS8632: The annotation for nullable reference types should only be used in code within a '#nullable' annotations context. [c:\Users\joche\source\repos\SivarOs\Sivar.Os\Xaf.Sivar.Os\Xaf.Sivar.Os.Module\Xaf.Sivar.Os.Module.csproj]
c:\Users\joche\source\repos\SivarOs\Sivar.Os\Xaf.Sivar.Os\Xaf.Sivar.Os.Module\Module.cs(148,98): warning CS8632: The annotation for nullable reference types should only be used in code within a '#nullable' annotations context. [c:\Users\joche\source\repos\SivarOs\Sivar.Os\Xaf.Sivar.Os\Xaf.Sivar.Os.Module\Xaf.Sivar.Os.Module.csproj]
c:\Users\joche\source\repos\SivarOs\Sivar.Os\Xaf.Sivar.Os\Xaf.Sivar.Os.Module\Module.cs(148,141): warning CS8632: The annotation for nullable reference types should only be used in code within a '#nullable' annotations context. [c:\Users\joche\source\repos\SivarOs\Sivar.Os\Xaf.Sivar.Os\Xaf.Sivar.Os.Module\Xaf.Sivar.Os.Module.csproj]
c:\Users\joche\source\repos\SivarOs\Sivar.Os\Xaf.Sivar.Os\Xaf.Sivar.Os.Module\DatabaseUpdate\Updater.cs(2975,47): warning CS8632: The annotation for nullable reference types should only be used in code within a '#nullable' annotations context. [c:\Users\joche\source\repos\SivarOs\Sivar.Os\Xaf.Sivar.Os\Xaf.Sivar.Os.Module\Xaf.Sivar.Os.Module.csproj]
c:\Users\joche\source\repos\SivarOs\Sivar.Os\Xaf.Sivar.Os\Xaf.Sivar.Os.Module\DatabaseUpdate\Updater.cs(3802,28): warning CS8632: The annotation for nullable reference types should only be used in code within a '#nullable' annotations context. [c:\Users\joche\source\repos\SivarOs\Sivar.Os\Xaf.Sivar.Os\Xaf.Sivar.Os.Module\Xaf.Sivar.Os.Module.csproj]
c:\Users\joche\source\repos\SivarOs\Sivar.Os\Xaf.Sivar.Os\Xaf.Sivar.Os.Module\DatabaseUpdate\Updater.cs(3809,22): warning CS8632: The annotation for nullable reference types should only be used in code within a '#nullable' annotations context. [c:\Users\joche\source\repos\SivarOs\Sivar.Os\Xaf.Sivar.Os\Xaf.Sivar.Os.Module\Xaf.Sivar.Os.Module.csproj]
c:\Users\joche\source\repos\SivarOs\Sivar.Os\Xaf.Sivar.Os\Xaf.Sivar.Os.Module\DatabaseUpdate\Updater.cs(3810,22): warning CS8632: The annotation for nullable reference types should only be used in code within a '#nullable' annotations context. [c:\Users\joche\source\repos\SivarOs\Sivar.Os\Xaf.Sivar.Os\Xaf.Sivar.Os.Module\Xaf.Sivar.Os.Module.csproj]
c:\Users\joche\source\repos\SivarOs\Sivar.Os\Xaf.Sivar.Os\Xaf.Sivar.Os.Module\DatabaseUpdate\Updater.cs(3811,22): warning CS8632: The annotation for nullable reference types should only be used in code within a '#nullable' annotations context. [c:\Users\joche\source\repos\SivarOs\Sivar.Os\Xaf.Sivar.Os\Xaf.Sivar.Os.Module\Xaf.Sivar.Os.Module.csproj]
c:\Users\joche\source\repos\SivarOs\Sivar.Os\Xaf.Sivar.Os\Xaf.Sivar.Os.Module\DatabaseUpdate\Updater.cs(3803,37): warning CS8632: The annotation for nullable reference types should only be used in code within a '#nullable' annotations context. [c:\Users\joche\source\repos\SivarOs\Sivar.Os\Xaf.Sivar.Os\Xaf.Sivar.Os.Module\Xaf.Sivar.Os.Module.csproj]
c:\Users\joche\source\repos\SivarOs\Sivar.Os\Xaf.Sivar.Os\Xaf.Sivar.Os.Module\DatabaseUpdate\Updater.cs(3812,22): warning CS8632: The annotation for nullable reference types should only be used in code within a '#nullable' annotations context. [c:\Users\joche\source\repos\SivarOs\Sivar.Os\Xaf.Sivar.Os\Xaf.Sivar.Os.Module\Xaf.Sivar.Os.Module.csproj]
c:\Users\joche\source\repos\SivarOs\Sivar.Os\Xaf.Sivar.Os\Xaf.Sivar.Os.Module\DatabaseUpdate\Updater.cs(3804,34): warning CS8632: The annotation for nullable reference types should only be used in code within a '#nullable' annotations context. [c:\Users\joche\source\repos\SivarOs\Sivar.Os\Xaf.Sivar.Os\Xaf.Sivar.Os.Module\Xaf.Sivar.Os.Module.csproj]
c:\Users\joche\source\repos\SivarOs\Sivar.Os\Xaf.Sivar.Os\Xaf.Sivar.Os.Module\DatabaseUpdate\Updater.cs(3819,22): warning CS8632: The annotation for nullable reference types should only be used in code within a '#nullable' annotations context. [c:\Users\joche\source\repos\SivarOs\Sivar.Os\Xaf.Sivar.Os\Xaf.Sivar.Os.Module\Xaf.Sivar.Os.Module.csproj]
c:\Users\joche\source\repos\SivarOs\Sivar.Os\Xaf.Sivar.Os\Xaf.Sivar.Os.Module\DatabaseUpdate\Updater.cs(3820,22): warning CS8632: The annotation for nullable reference types should only be used in code within a '#nullable' annotations context. [c:\Users\joche\source\repos\SivarOs\Sivar.Os\Xaf.Sivar.Os\Xaf.Sivar.Os.Module\Xaf.Sivar.Os.Module.csproj]
c:\Users\joche\source\repos\SivarOs\Sivar.Os\Xaf.Sivar.Os\Xaf.Sivar.Os.Module\DatabaseUpdate\Updater.cs(3821,22): warning CS8632: The annotation for nullable reference types should only be used in code within a '#nullable' annotations context. [c:\Users\joche\source\repos\SivarOs\Sivar.Os\Xaf.Sivar.Os\Xaf.Sivar.Os.Module\Xaf.Sivar.Os.Module.csproj]
c:\Users\joche\source\repos\SivarOs\Sivar.Os\Xaf.Sivar.Os\Xaf.Sivar.Os.Module\DatabaseUpdate\Updater.cs(3822,22): warning CS8632: The annotation for nullable reference types should only be used in code within a '#nullable' annotations context. [c:\Users\joche\source\repos\SivarOs\Sivar.Os\Xaf.Sivar.Os\Xaf.Sivar.Os.Module\Xaf.Sivar.Os.Module.csproj]
c:\Users\joche\source\repos\SivarOs\Sivar.Os\Xaf.Sivar.Os\Xaf.Sivar.Os.Module\DatabaseUpdate\Updater.cs(3828,28): warning CS8632: The annotation for nullable reference types should only be used in code within a '#nullable' annotations context. [c:\Users\joche\source\repos\SivarOs\Sivar.Os\Xaf.Sivar.Os\Xaf.Sivar.Os.Module\Xaf.Sivar.Os.Module.csproj]
c:\Users\joche\source\repos\SivarOs\Sivar.Os\Xaf.Sivar.Os\Xaf.Sivar.Os.Module\DatabaseUpdate\Updater.cs(3877,22): warning CS8632: The annotation for nullable reference types should only be used in code within a '#nullable' annotations context. [c:\Users\joche\source\repos\SivarOs\Sivar.Os\Xaf.Sivar.Os\Xaf.Sivar.Os.Module\Xaf.Sivar.Os.Module.csproj]
c:\Users\joche\source\repos\SivarOs\Sivar.Os\Xaf.Sivar.Os\Xaf.Sivar.Os.Module\DatabaseUpdate\Updater.cs(3878,22): warning CS8632: The annotation for nullable reference types should only be used in code within a '#nullable' annotations context. [c:\Users\joche\source\repos\SivarOs\Sivar.Os\Xaf.Sivar.Os\Xaf.Sivar.Os.Module\Xaf.Sivar.Os.Module.csproj]
c:\Users\joche\source\repos\SivarOs\Sivar.Os\Xaf.Sivar.Os\Xaf.Sivar.Os.Module\DatabaseUpdate\Updater.cs(3879,22): warning CS8632: The annotation for nullable reference types should only be used in code within a '#nullable' annotations context. [c:\Users\joche\source\repos\SivarOs\Sivar.Os\Xaf.Sivar.Os\Xaf.Sivar.Os.Module\Xaf.Sivar.Os.Module.csproj]
c:\Users\joche\source\repos\SivarOs\Sivar.Os\Xaf.Sivar.Os\Xaf.Sivar.Os.Module\DatabaseUpdate\Updater.cs(3836,22): warning CS8632: The annotation for nullable reference types should only be used in code within a '#nullable' annotations context. [c:\Users\joche\source\repos\SivarOs\Sivar.Os\Xaf.Sivar.Os\Xaf.Sivar.Os.Module\Xaf.Sivar.Os.Module.csproj]
c:\Users\joche\source\repos\SivarOs\Sivar.Os\Xaf.Sivar.Os\Xaf.Sivar.Os.Module\DatabaseUpdate\Updater.cs(3862,22): warning CS8632: The annotation for nullable reference types should only be used in code within a '#nullable' annotations context. [c:\Users\joche\source\repos\SivarOs\Sivar.Os\Xaf.Sivar.Os\Xaf.Sivar.Os.Module\Xaf.Sivar.Os.Module.csproj]
c:\Users\joche\source\repos\SivarOs\Sivar.Os\Xaf.Sivar.Os\Xaf.Sivar.Os.Module\DatabaseUpdate\Updater.cs(3837,22): warning CS8632: The annotation for nullable reference types should only be used in code within a '#nullable' annotations context. [c:\Users\joche\source\repos\SivarOs\Sivar.Os\Xaf.Sivar.Os\Xaf.Sivar.Os.Module\Xaf.Sivar.Os.Module.csproj]
c:\Users\joche\source\repos\SivarOs\Sivar.Os\Xaf.Sivar.Os\Xaf.Sivar.Os.Module\DatabaseUpdate\Updater.cs(3863,22): warning CS8632: The annotation for nullable reference types should only be used in code within a '#nullable' annotations context. [c:\Users\joche\source\repos\SivarOs\Sivar.Os\Xaf.Sivar.Os\Xaf.Sivar.Os.Module\Xaf.Sivar.Os.Module.csproj]
c:\Users\joche\source\repos\SivarOs\Sivar.Os\Xaf.Sivar.Os\Xaf.Sivar.Os.Module\DatabaseUpdate\Updater.cs(3864,22): warning CS8632: The annotation for nullable reference types should only be used in code within a '#nullable' annotations context. [c:\Users\joche\source\repos\SivarOs\Sivar.Os\Xaf.Sivar.Os\Xaf.Sivar.Os.Module\Xaf.Sivar.Os.Module.csproj]
c:\Users\joche\source\repos\SivarOs\Sivar.Os\Xaf.Sivar.Os\Xaf.Sivar.Os.Module\DatabaseUpdate\Updater.cs(3865,22): warning CS8632: The annotation for nullable reference types should only be used in code within a '#nullable' annotations context. [c:\Users\joche\source\repos\SivarOs\Sivar.Os\Xaf.Sivar.Os\Xaf.Sivar.Os.Module\Xaf.Sivar.Os.Module.csproj]
c:\Users\joche\source\repos\SivarOs\Sivar.Os\Xaf.Sivar.Os\Xaf.Sivar.Os.Module\DatabaseUpdate\Updater.cs(3866,22): warning CS8632: The annotation for nullable reference types should only be used in code within a '#nullable' annotations context. [c:\Users\joche\source\repos\SivarOs\Sivar.Os\Xaf.Sivar.Os\Xaf.Sivar.Os.Module\Xaf.Sivar.Os.Module.csproj]
c:\Users\joche\source\repos\SivarOs\Sivar.Os\Xaf.Sivar.Os\Xaf.Sivar.Os.Module\DatabaseUpdate\Updater.cs(3867,22): warning CS8632: The annotation for nullable reference types should only be used in code within a '#nullable' annotations context. [c:\Users\joche\source\repos\SivarOs\Sivar.Os\Xaf.Sivar.Os\Xaf.Sivar.Os.Module\Xaf.Sivar.Os.Module.csproj]
c:\Users\joche\source\repos\SivarOs\Sivar.Os\Xaf.Sivar.Os\Xaf.Sivar.Os.Module\DatabaseUpdate\Updater.cs(3895,22): warning CS8632: The annotation for nullable reference types should only be used in code within a '#nullable' annotations context. [c:\Users\joche\source\repos\SivarOs\Sivar.Os\Xaf.Sivar.Os\Xaf.Sivar.Os.Module\Xaf.Sivar.Os.Module.csproj]
c:\Users\joche\source\repos\SivarOs\Sivar.Os\Xaf.Sivar.Os\Xaf.Sivar.Os.Module\DatabaseUpdate\Updater.cs(3838,28): warning CS8632: The annotation for nullable reference types should only be used in code within a '#nullable' annotations context. [c:\Users\joche\source\repos\SivarOs\Sivar.Os\Xaf.Sivar.Os\Xaf.Sivar.Os.Module\Xaf.Sivar.Os.Module.csproj]
c:\Users\joche\source\repos\SivarOs\Sivar.Os\Xaf.Sivar.Os\Xaf.Sivar.Os.Module\DatabaseUpdate\Updater.cs(3868,22): warning CS8632: The annotation for nullable reference types should only be used in code within a '#nullable' annotations context. [c:\Users\joche\source\repos\SivarOs\Sivar.Os\Xaf.Sivar.Os\Xaf.Sivar.Os.Module\Xaf.Sivar.Os.Module.csproj]
c:\Users\joche\source\repos\SivarOs\Sivar.Os\Xaf.Sivar.Os\Xaf.Sivar.Os.Module\DatabaseUpdate\Updater.cs(3888,22): warning CS8632: The annotation for nullable reference types should only be used in code within a '#nullable' annotations context. [c:\Users\joche\source\repos\SivarOs\Sivar.Os\Xaf.Sivar.Os\Xaf.Sivar.Os.Module\Xaf.Sivar.Os.Module.csproj]
c:\Users\joche\source\repos\SivarOs\Sivar.Os\Xaf.Sivar.Os\Xaf.Sivar.Os.Module\DatabaseUpdate\Updater.cs(3869,22): warning CS8632: The annotation for nullable reference types should only be used in code within a '#nullable' annotations context. [c:\Users\joche\source\repos\SivarOs\Sivar.Os\Xaf.Sivar.Os\Xaf.Sivar.Os.Module\Xaf.Sivar.Os.Module.csproj]
c:\Users\joche\source\repos\SivarOs\Sivar.Os\Xaf.Sivar.Os\Xaf.Sivar.Os.Module\DatabaseUpdate\Updater.cs(3889,22): warning CS8632: The annotation for nullable reference types should only be used in code within a '#nullable' annotations context. [c:\Users\joche\source\repos\SivarOs\Sivar.Os\Xaf.Sivar.Os\Xaf.Sivar.Os.Module\Xaf.Sivar.Os.Module.csproj]
c:\Users\joche\source\repos\SivarOs\Sivar.Os\Xaf.Sivar.Os\Xaf.Sivar.Os.Module\DatabaseUpdate\Updater.cs(3896,22): warning CS8632: The annotation for nullable reference types should only be used in code within a '#nullable' annotations context. [c:\Users\joche\source\repos\SivarOs\Sivar.Os\Xaf.Sivar.Os\Xaf.Sivar.Os.Module\Xaf.Sivar.Os.Module.csproj]
c:\Users\joche\source\repos\SivarOs\Sivar.Os\Xaf.Sivar.Os\Xaf.Sivar.Os.Module\DatabaseUpdate\Updater.cs(3839,32): warning CS8632: The annotation for nullable reference types should only be used in code within a '#nullable' annotations context. [c:\Users\joche\source\repos\SivarOs\Sivar.Os\Xaf.Sivar.Os\Xaf.Sivar.Os.Module\Xaf.Sivar.Os.Module.csproj]
c:\Users\joche\source\repos\SivarOs\Sivar.Os\Xaf.Sivar.Os\Xaf.Sivar.Os.Module\DatabaseUpdate\Updater.cs(3897,22): warning CS8632: The annotation for nullable reference types should only be used in code within a '#nullable' annotations context. [c:\Users\joche\source\repos\SivarOs\Sivar.Os\Xaf.Sivar.Os\Xaf.Sivar.Os.Module\Xaf.Sivar.Os.Module.csproj]
c:\Users\joche\source\repos\SivarOs\Sivar.Os\Xaf.Sivar.Os\Xaf.Sivar.Os.Module\DatabaseUpdate\Updater.cs(3872,22): warning CS8632: The annotation for nullable reference types should only be used in code within a '#nullable' annotations context. [c:\Users\joche\source\repos\SivarOs\Sivar.Os\Xaf.Sivar.Os\Xaf.Sivar.Os.Module\Xaf.Sivar.Os.Module.csproj]
c:\Users\joche\source\repos\SivarOs\Sivar.Os\Xaf.Sivar.Os\Xaf.Sivar.Os.Module\DatabaseUpdate\Updater.cs(3840,28): warning CS8632: The annotation for nullable reference types should only be used in code within a '#nullable' annotations context. [c:\Users\joche\source\repos\SivarOs\Sivar.Os\Xaf.Sivar.Os\Xaf.Sivar.Os.Module\Xaf.Sivar.Os.Module.csproj]
c:\Users\joche\source\repos\SivarOs\Sivar.Os\Xaf.Sivar.Os\Xaf.Sivar.Os.Module\DatabaseUpdate\Updater.cs(3900,32): warning CS8632: The annotation for nullable reference types should only be used in code within a '#nullable' annotations context. [c:\Users\joche\source\repos\SivarOs\Sivar.Os\Xaf.Sivar.Os\Xaf.Sivar.Os.Module\Xaf.Sivar.Os.Module.csproj]
c:\Users\joche\source\repos\SivarOs\Sivar.Os\Xaf.Sivar.Os\Xaf.Sivar.Os.Module\DatabaseUpdate\Updater.cs(3846,28): warning CS8632: The annotation for nullable reference types should only be used in code within a '#nullable' annotations context. [c:\Users\joche\source\repos\SivarOs\Sivar.Os\Xaf.Sivar.Os\Xaf.Sivar.Os.Module\Xaf.Sivar.Os.Module.csproj]
c:\Users\joche\source\repos\SivarOs\Sivar.Os\Xaf.Sivar.Os\Xaf.Sivar.Os.Module\DatabaseUpdate\Updater.cs(3901,22): warning CS8632: The annotation for nullable reference types should only be used in code within a '#nullable' annotations context. [c:\Users\joche\source\repos\SivarOs\Sivar.Os\Xaf.Sivar.Os\Xaf.Sivar.Os.Module\Xaf.Sivar.Os.Module.csproj]
c:\Users\joche\source\repos\SivarOs\Sivar.Os\Xaf.Sivar.Os\Xaf.Sivar.Os.Module\DatabaseUpdate\Updater.cs(3848,31): warning CS8632: The annotation for nullable reference types should only be used in code within a '#nullable' annotations context. [c:\Users\joche\source\repos\SivarOs\Sivar.Os\Xaf.Sivar.Os\Xaf.Sivar.Os.Module\Xaf.Sivar.Os.Module.csproj]
c:\Users\joche\source\repos\SivarOs\Sivar.Os\Xaf.Sivar.Os\Xaf.Sivar.Os.Module\DatabaseUpdate\Updater.cs(3849,36): warning CS8632: The annotation for nullable reference types should only be used in code within a '#nullable' annotations context. [c:\Users\joche\source\repos\SivarOs\Sivar.Os\Xaf.Sivar.Os\Xaf.Sivar.Os.Module\Xaf.Sivar.Os.Module.csproj]
c:\Users\joche\source\repos\SivarOs\Sivar.Os\Xaf.Sivar.Os\Xaf.Sivar.Os.Module\DatabaseUpdate\Updater.cs(3850,43): warning CS8632: The annotation for nullable reference types should only be used in code within a '#nullable' annotations context. [c:\Users\joche\source\repos\SivarOs\Sivar.Os\Xaf.Sivar.Os\Xaf.Sivar.Os.Module\Xaf.Sivar.Os.Module.csproj]
c:\Users\joche\source\repos\SivarOs\Sivar.Os\Xaf.Sivar.Os\Xaf.Sivar.Os.Module\DatabaseUpdate\Updater.cs(3856,22): warning CS8632: The annotation for nullable reference types should only be used in code within a '#nullable' annotations context. [c:\Users\joche\source\repos\SivarOs\Sivar.Os\Xaf.Sivar.Os\Xaf.Sivar.Os.Module\Xaf.Sivar.Os.Module.csproj]
c:\Users\joche\source\repos\SivarOs\Sivar.Os\Xaf.Sivar.Os\Xaf.Sivar.Os.Module\DatabaseUpdate\Updater.cs(3918,22): warning CS8632: The annotation for nullable reference types should only be used in code within a '#nullable' annotations context. [c:\Users\joche\source\repos\SivarOs\Sivar.Os\Xaf.Sivar.Os\Xaf.Sivar.Os.Module\Xaf.Sivar.Os.Module.csproj]
c:\Users\joche\source\repos\SivarOs\Sivar.Os\Xaf.Sivar.Os\Xaf.Sivar.Os.Module\DatabaseUpdate\Updater.cs(3906,31): warning CS8632: The annotation for nullable reference types should only be used in code within a '#nullable' annotations context. [c:\Users\joche\source\repos\SivarOs\Sivar.Os\Xaf.Sivar.Os\Xaf.Sivar.Os.Module\Xaf.Sivar.Os.Module.csproj]
c:\Users\joche\source\repos\SivarOs\Sivar.Os\Xaf.Sivar.Os\Xaf.Sivar.Os.Module\DatabaseUpdate\Updater.cs(3919,22): warning CS8632: The annotation for nullable reference types should only be used in code within a '#nullable' annotations context. [c:\Users\joche\source\repos\SivarOs\Sivar.Os\Xaf.Sivar.Os\Xaf.Sivar.Os.Module\Xaf.Sivar.Os.Module.csproj]
c:\Users\joche\source\repos\SivarOs\Sivar.Os\Xaf.Sivar.Os\Xaf.Sivar.Os.Module\DatabaseUpdate\Updater.cs(3907,31): warning CS8632: The annotation for nullable reference types should only be used in code within a '#nullable' annotations context. [c:\Users\joche\source\repos\SivarOs\Sivar.Os\Xaf.Sivar.Os\Xaf.Sivar.Os.Module\Xaf.Sivar.Os.Module.csproj]
c:\Users\joche\source\repos\SivarOs\Sivar.Os\Xaf.Sivar.Os\Xaf.Sivar.Os.Module\DatabaseUpdate\Updater.cs(3908,31): warning CS8632: The annotation for nullable reference types should only be used in code within a '#nullable' annotations context. [c:\Users\joche\source\repos\SivarOs\Sivar.Os\Xaf.Sivar.Os\Xaf.Sivar.Os.Module\Xaf.Sivar.Os.Module.csproj]
c:\Users\joche\source\repos\SivarOs\Sivar.Os\Xaf.Sivar.Os\Xaf.Sivar.Os.Module\DatabaseUpdate\Updater.cs(3909,31): warning CS8632: The annotation for nullable reference types should only be used in code within a '#nullable' annotations context. [c:\Users\joche\source\repos\SivarOs\Sivar.Os\Xaf.Sivar.Os\Xaf.Sivar.Os.Module\Xaf.Sivar.Os.Module.csproj]
c:\Users\joche\source\repos\SivarOs\Sivar.Os\Xaf.Sivar.Os\Xaf.Sivar.Os.Module\DatabaseUpdate\Updater.cs(3910,31): warning CS8632: The annotation for nullable reference types should only be used in code within a '#nullable' annotations context. [c:\Users\joche\source\repos\SivarOs\Sivar.Os\Xaf.Sivar.Os\Xaf.Sivar.Os.Module\Xaf.Sivar.Os.Module.csproj]
c:\Users\joche\source\repos\SivarOs\Sivar.Os\Xaf.Sivar.Os\Xaf.Sivar.Os.Module\DatabaseUpdate\Updater.cs(3911,31): warning CS8632: The annotation for nullable reference types should only be used in code within a '#nullable' annotations context. [c:\Users\joche\source\repos\SivarOs\Sivar.Os\Xaf.Sivar.Os\Xaf.Sivar.Os.Module\Xaf.Sivar.Os.Module.csproj]
c:\Users\joche\source\repos\SivarOs\Sivar.Os\Xaf.Sivar.Os\Xaf.Sivar.Os.Module\DatabaseUpdate\Updater.cs(3912,31): warning CS8632: The annotation for nullable reference types should only be used in code within a '#nullable' annotations context. [c:\Users\joche\source\repos\SivarOs\Sivar.Os\Xaf.Sivar.Os\Xaf.Sivar.Os.Module\Xaf.Sivar.Os.Module.csproj]
c:\Users\joche\source\repos\SivarOs\Sivar.Os\Xaf.Sivar.Os\Xaf.Sivar.Os.Module\DatabaseUpdate\Updater.cs(3880,22): warning CS8632: The annotation for nullable reference types should only be used in code within a '#nullable' annotations context. [c:\Users\joche\source\repos\SivarOs\Sivar.Os\Xaf.Sivar.Os\Xaf.Sivar.Os.Module\Xaf.Sivar.Os.Module.csproj]
c:\Users\joche\source\repos\SivarOs\Sivar.Os\Xaf.Sivar.Os\Xaf.Sivar.Os.Module\BusinessObjects\OsDbContext.cs(38,33): warning CS0109: The member 'OsEFCoreDbContext.Events' does not hide an accessible member. The new keyword is not required. [c:\Users\joche\source\repos\SivarOs\Sivar.Os\Xaf.Sivar.Os\Xaf.Sivar.Os.Module\Xaf.Sivar.Os.Module.csproj]
c:\Users\joche\source\repos\SivarOs\Sivar.Os\Xaf.Sivar.Os\Xaf.Sivar.Os.Module\DatabaseUpdate\Updater.cs(3928,22): warning CS8632: The annotation for nullable reference types should only be used in code within a '#nullable' annotations context. [c:\Users\joche\source\repos\SivarOs\Sivar.Os\Xaf.Sivar.Os\Xaf.Sivar.Os.Module\Xaf.Sivar.Os.Module.csproj]
c:\Users\joche\source\repos\SivarOs\Sivar.Os\Xaf.Sivar.Os\Xaf.Sivar.Os.Module\DatabaseUpdate\Updater.cs(3929,22): warning CS8632: The annotation for nullable reference types should only be used in code within a '#nullable' annotations context. [c:\Users\joche\source\repos\SivarOs\Sivar.Os\Xaf.Sivar.Os\Xaf.Sivar.Os.Module\Xaf.Sivar.Os.Module.csproj]
c:\Users\joche\source\repos\SivarOs\Sivar.Os\Xaf.Sivar.Os\Xaf.Sivar.Os.Module\DatabaseUpdate\Updater.cs(3930,22): warning CS8632: The annotation for nullable reference types should only be used in code within a '#nullable' annotations context. [c:\Users\joche\source\repos\SivarOs\Sivar.Os\Xaf.Sivar.Os\Xaf.Sivar.Os.Module\Xaf.Sivar.Os.Module.csproj]
c:\Users\joche\source\repos\SivarOs\Sivar.Os\Xaf.Sivar.Os\Xaf.Sivar.Os.Module\DatabaseUpdate\Updater.cs(3931,28): warning CS8632: The annotation for nullable reference types should only be used in code within a '#nullable' annotations context. [c:\Users\joche\source\repos\SivarOs\Sivar.Os\Xaf.Sivar.Os\Xaf.Sivar.Os.Module\Xaf.Sivar.Os.Module.csproj]
c:\Users\joche\source\repos\SivarOs\Sivar.Os\Xaf.Sivar.Os\Xaf.Sivar.Os.Module\DatabaseUpdate\Updater.cs(3932,22): warning CS8632: The annotation for nullable reference types should only be used in code within a '#nullable' annotations context. [c:\Users\joche\source\repos\SivarOs\Sivar.Os\Xaf.Sivar.Os\Xaf.Sivar.Os.Module\Xaf.Sivar.Os.Module.csproj]
c:\Users\joche\source\repos\SivarOs\Sivar.Os\Xaf.Sivar.Os\Xaf.Sivar.Os.Module\DatabaseUpdate\Updater.cs(1606,42): warning CS8632: The annotation for nullable reference types should only be used in code within a '#nullable' annotations context. [c:\Users\joche\source\repos\SivarOs\Sivar.Os\Xaf.Sivar.Os\Xaf.Sivar.Os.Module\Xaf.Sivar.Os.Module.csproj]
c:\Users\joche\source\repos\SivarOs\Sivar.Os\Xaf.Sivar.Os\Xaf.Sivar.Os.Module\DatabaseUpdate\Updater.cs(1621,46): warning CS8632: The annotation for nullable reference types should only be used in code within a '#nullable' annotations context. [c:\Users\joche\source\repos\SivarOs\Sivar.Os\Xaf.Sivar.Os\Xaf.Sivar.Os.Module\Xaf.Sivar.Os.Module.csproj]
c:\Users\joche\source\repos\SivarOs\Sivar.Os\Xaf.Sivar.Os\Xaf.Sivar.Os.Module\DatabaseUpdate\Updater.cs(1622,42): warning CS8632: The annotation for nullable reference types should only be used in code within a '#nullable' annotations context. [c:\Users\joche\source\repos\SivarOs\Sivar.Os\Xaf.Sivar.Os\Xaf.Sivar.Os.Module\Xaf.Sivar.Os.Module.csproj]
c:\Users\joche\source\repos\SivarOs\Sivar.Os\Xaf.Sivar.Os\Xaf.Sivar.Os.Module\DatabaseUpdate\Updater.cs(1657,46): warning CS8632: The annotation for nullable reference types should only be used in code within a '#nullable' annotations context. [c:\Users\joche\source\repos\SivarOs\Sivar.Os\Xaf.Sivar.Os\Xaf.Sivar.Os.Module\Xaf.Sivar.Os.Module.csproj]
c:\Users\joche\source\repos\SivarOs\Sivar.Os\Xaf.Sivar.Os\Xaf.Sivar.Os.Module\DatabaseUpdate\Updater.cs(1673,46): warning CS8632: The annotation for nullable reference types should only be used in code within a '#nullable' annotations context. [c:\Users\joche\source\repos\SivarOs\Sivar.Os\Xaf.Sivar.Os\Xaf.Sivar.Os.Module\Xaf.Sivar.Os.Module.csproj]
c:\Users\joche\source\repos\SivarOs\Sivar.Os\Xaf.Sivar.Os\Xaf.Sivar.Os.Module\DatabaseUpdate\Updater.cs(1694,42): warning CS8632: The annotation for nullable reference types should only be used in code within a '#nullable' annotations context. [c:\Users\joche\source\repos\SivarOs\Sivar.Os\Xaf.Sivar.Os\Xaf.Sivar.Os.Module\Xaf.Sivar.Os.Module.csproj]
c:\Users\joche\source\repos\SivarOs\Sivar.Os\Xaf.Sivar.Os\Xaf.Sivar.Os.Module\DatabaseUpdate\Updater.cs(1713,46): warning CS8632: The annotation for nullable reference types should only be used in code within a '#nullable' annotations context. [c:\Users\joche\source\repos\SivarOs\Sivar.Os\Xaf.Sivar.Os\Xaf.Sivar.Os.Module\Xaf.Sivar.Os.Module.csproj]
c:\Users\joche\source\repos\SivarOs\Sivar.Os\Xaf.Sivar.Os\Xaf.Sivar.Os.Module\DatabaseUpdate\Updater.cs(1714,42): warning CS8632: The annotation for nullable reference types should only be used in code within a '#nullable' annotations context. [c:\Users\joche\source\repos\SivarOs\Sivar.Os\Xaf.Sivar.Os\Xaf.Sivar.Os.Module\Xaf.Sivar.Os.Module.csproj]
c:\Users\joche\source\repos\SivarOs\Sivar.Os\Xaf.Sivar.Os\Xaf.Sivar.Os.Module\DatabaseUpdate\Updater.cs(1729,46): warning CS8632: The annotation for nullable reference types should only be used in code within a '#nullable' annotations context. [c:\Users\joche\source\repos\SivarOs\Sivar.Os\Xaf.Sivar.Os\Xaf.Sivar.Os.Module\Xaf.Sivar.Os.Module.csproj]
c:\Users\joche\source\repos\SivarOs\Sivar.Os\Xaf.Sivar.Os\Xaf.Sivar.Os.Module\DatabaseUpdate\Updater.cs(1745,46): warning CS8632: The annotation for nullable reference types should only be used in code within a '#nullable' annotations context. [c:\Users\joche\source\repos\SivarOs\Sivar.Os\Xaf.Sivar.Os\Xaf.Sivar.Os.Module\Xaf.Sivar.Os.Module.csproj]
c:\Users\joche\source\repos\SivarOs\Sivar.Os\Xaf.Sivar.Os\Xaf.Sivar.Os.Module\DatabaseUpdate\Updater.cs(1746,42): warning CS8632: The annotation for nullable reference types should only be used in code within a '#nullable' annotations context. [c:\Users\joche\source\repos\SivarOs\Sivar.Os\Xaf.Sivar.Os\Xaf.Sivar.Os.Module\Xaf.Sivar.Os.Module.csproj]
c:\Users\joche\source\repos\SivarOs\Sivar.Os\Xaf.Sivar.Os\Xaf.Sivar.Os.Module\DatabaseUpdate\Updater.cs(1766,42): warning CS8632: The annotation for nullable reference types should only be used in code within a '#nullable' annotations context. [c:\Users\joche\source\repos\SivarOs\Sivar.Os\Xaf.Sivar.Os\Xaf.Sivar.Os.Module\Xaf.Sivar.Os.Module.csproj]
c:\Users\joche\source\repos\SivarOs\Sivar.Os\Xaf.Sivar.Os\Xaf.Sivar.Os.Module\DatabaseUpdate\Updater.cs(1781,46): warning CS8632: The annotation for nullable reference types should only be used in code within a '#nullable' annotations context. [c:\Users\joche\source\repos\SivarOs\Sivar.Os\Xaf.Sivar.Os\Xaf.Sivar.Os.Module\Xaf.Sivar.Os.Module.csproj]
c:\Users\joche\source\repos\SivarOs\Sivar.Os\Xaf.Sivar.Os\Xaf.Sivar.Os.Module\DatabaseUpdate\Updater.cs(1782,42): warning CS8632: The annotation for nullable reference types should only be used in code within a '#nullable' annotations context. [c:\Users\joche\source\repos\SivarOs\Sivar.Os\Xaf.Sivar.Os\Xaf.Sivar.Os.Module\Xaf.Sivar.Os.Module.csproj]
c:\Users\joche\source\repos\SivarOs\Sivar.Os\Xaf.Sivar.Os\Xaf.Sivar.Os.Module\DatabaseUpdate\Updater.cs(1797,46): warning CS8632: The annotation for nullable reference types should only be used in code within a '#nullable' annotations context. [c:\Users\joche\source\repos\SivarOs\Sivar.Os\Xaf.Sivar.Os\Xaf.Sivar.Os.Module\Xaf.Sivar.Os.Module.csproj]
c:\Users\joche\source\repos\SivarOs\Sivar.Os\Xaf.Sivar.Os\Xaf.Sivar.Os.Module\DatabaseUpdate\Updater.cs(1798,42): warning CS8632: The annotation for nullable reference types should only be used in code within a '#nullable' annotations context. [c:\Users\joche\source\repos\SivarOs\Sivar.Os\Xaf.Sivar.Os\Xaf.Sivar.Os.Module\Xaf.Sivar.Os.Module.csproj]
c:\Users\joche\source\repos\SivarOs\Sivar.Os\Xaf.Sivar.Os\Xaf.Sivar.Os.Module\DatabaseUpdate\Updater.cs(1817,46): warning CS8632: The annotation for nullable reference types should only be used in code within a '#nullable' annotations context. [c:\Users\joche\source\repos\SivarOs\Sivar.Os\Xaf.Sivar.Os\Xaf.Sivar.Os.Module\Xaf.Sivar.Os.Module.csproj]
c:\Users\joche\source\repos\SivarOs\Sivar.Os\Xaf.Sivar.Os\Xaf.Sivar.Os.Module\DatabaseUpdate\Updater.cs(1818,42): warning CS8632: The annotation for nullable reference types should only be used in code within a '#nullable' annotations context. [c:\Users\joche\source\repos\SivarOs\Sivar.Os\Xaf.Sivar.Os\Xaf.Sivar.Os.Module\Xaf.Sivar.Os.Module.csproj]
c:\Users\joche\source\repos\SivarOs\Sivar.Os\Xaf.Sivar.Os\Xaf.Sivar.Os.Module\DatabaseUpdate\Updater.cs(1827,44): warning CS8632: The annotation for nullable reference types should only be used in code within a '#nullable' annotations context. [c:\Users\joche\source\repos\SivarOs\Sivar.Os\Xaf.Sivar.Os\Xaf.Sivar.Os.Module\Xaf.Sivar.Os.Module.csproj]
c:\Users\joche\source\repos\SivarOs\Sivar.Os\Xaf.Sivar.Os\Xaf.Sivar.Os.Module\DatabaseUpdate\Updater.cs(1833,46): warning CS8632: The annotation for nullable reference types should only be used in code within a '#nullable' annotations context. [c:\Users\joche\source\repos\SivarOs\Sivar.Os\Xaf.Sivar.Os\Xaf.Sivar.Os.Module\Xaf.Sivar.Os.Module.csproj]
c:\Users\joche\source\repos\SivarOs\Sivar.Os\Xaf.Sivar.Os\Xaf.Sivar.Os.Module\DatabaseUpdate\Updater.cs(1834,42): warning CS8632: The annotation for nullable reference types should only be used in code within a '#nullable' annotations context. [c:\Users\joche\source\repos\SivarOs\Sivar.Os\Xaf.Sivar.Os\Xaf.Sivar.Os.Module\Xaf.Sivar.Os.Module.csproj]
c:\Users\joche\source\repos\SivarOs\Sivar.Os\Xaf.Sivar.Os\Xaf.Sivar.Os.Module\DatabaseUpdate\Updater.cs(1849,46): warning CS8632: The annotation for nullable reference types should only be used in code within a '#nullable' annotations context. [c:\Users\joche\source\repos\SivarOs\Sivar.Os\Xaf.Sivar.Os\Xaf.Sivar.Os.Module\Xaf.Sivar.Os.Module.csproj]
c:\Users\joche\source\repos\SivarOs\Sivar.Os\Xaf.Sivar.Os\Xaf.Sivar.Os.Module\DatabaseUpdate\Updater.cs(1850,42): warning CS8632: The annotation for nullable reference types should only be used in code within a '#nullable' annotations context. [c:\Users\joche\source\repos\SivarOs\Sivar.Os\Xaf.Sivar.Os\Xaf.Sivar.Os.Module\Xaf.Sivar.Os.Module.csproj]
c:\Users\joche\source\repos\SivarOs\Sivar.Os\Xaf.Sivar.Os\Xaf.Sivar.Os.Module\DatabaseUpdate\Updater.cs(1863,44): warning CS8632: The annotation for nullable reference types should only be used in code within a '#nullable' annotations context. [c:\Users\joche\source\repos\SivarOs\Sivar.Os\Xaf.Sivar.Os\Xaf.Sivar.Os.Module\Xaf.Sivar.Os.Module.csproj]
c:\Users\joche\source\repos\SivarOs\Sivar.Os\Xaf.Sivar.Os\Xaf.Sivar.Os.Module\DatabaseUpdate\Updater.cs(1869,46): warning CS8632: The annotation for nullable reference types should only be used in code within a '#nullable' annotations context. [c:\Users\joche\source\repos\SivarOs\Sivar.Os\Xaf.Sivar.Os\Xaf.Sivar.Os.Module\Xaf.Sivar.Os.Module.csproj]
c:\Users\joche\source\repos\SivarOs\Sivar.Os\Xaf.Sivar.Os\Xaf.Sivar.Os.Module\DatabaseUpdate\Updater.cs(1870,42): warning CS8632: The annotation for nullable reference types should only be used in code within a '#nullable' annotations context. [c:\Users\joche\source\repos\SivarOs\Sivar.Os\Xaf.Sivar.Os\Xaf.Sivar.Os.Module\Xaf.Sivar.Os.Module.csproj]
c:\Users\joche\source\repos\SivarOs\Sivar.Os\Xaf.Sivar.Os\Xaf.Sivar.Os.Module\DatabaseUpdate\Updater.cs(1879,44): warning CS8632: The annotation for nullable reference types should only be used in code within a '#nullable' annotations context. [c:\Users\joche\source\repos\SivarOs\Sivar.Os\Xaf.Sivar.Os\Xaf.Sivar.Os.Module\Xaf.Sivar.Os.Module.csproj]
c:\Users\joche\source\repos\SivarOs\Sivar.Os\Xaf.Sivar.Os\Xaf.Sivar.Os.Module\DatabaseUpdate\Updater.cs(1885,46): warning CS8632: The annotation for nullable reference types should only be used in code within a '#nullable' annotations context. [c:\Users\joche\source\repos\SivarOs\Sivar.Os\Xaf.Sivar.Os\Xaf.Sivar.Os.Module\Xaf.Sivar.Os.Module.csproj]
c:\Users\joche\source\repos\SivarOs\Sivar.Os\Xaf.Sivar.Os\Xaf.Sivar.Os.Module\DatabaseUpdate\Updater.cs(1886,42): warning CS8632: The annotation for nullable reference types should only be used in code within a '#nullable' annotations context. [c:\Users\joche\source\repos\SivarOs\Sivar.Os\Xaf.Sivar.Os\Xaf.Sivar.Os.Module\Xaf.Sivar.Os.Module.csproj]
c:\Users\joche\source\repos\SivarOs\Sivar.Os\Xaf.Sivar.Os\Xaf.Sivar.Os.Module\DatabaseUpdate\Updater.cs(1895,44): warning CS8632: The annotation for nullable reference types should only be used in code within a '#nullable' annotations context. [c:\Users\joche\source\repos\SivarOs\Sivar.Os\Xaf.Sivar.Os\Xaf.Sivar.Os.Module\Xaf.Sivar.Os.Module.csproj]
c:\Users\joche\source\repos\SivarOs\Sivar.Os\Xaf.Sivar.Os\Xaf.Sivar.Os.Module\DatabaseUpdate\Updater.cs(1901,46): warning CS8632: The annotation for nullable reference types should only be used in code within a '#nullable' annotations context. [c:\Users\joche\source\repos\SivarOs\Sivar.Os\Xaf.Sivar.Os\Xaf.Sivar.Os.Module\Xaf.Sivar.Os.Module.csproj]
c:\Users\joche\source\repos\SivarOs\Sivar.Os\Xaf.Sivar.Os\Xaf.Sivar.Os.Module\DatabaseUpdate\Updater.cs(1902,42): warning CS8632: The annotation for nullable reference types should only be used in code within a '#nullable' annotations context. [c:\Users\joche\source\repos\SivarOs\Sivar.Os\Xaf.Sivar.Os\Xaf.Sivar.Os.Module\Xaf.Sivar.Os.Module.csproj]
c:\Users\joche\source\repos\SivarOs\Sivar.Os\Xaf.Sivar.Os\Xaf.Sivar.Os.Module\DatabaseUpdate\Updater.cs(2350,44): error CS1061: 'ApplicationUser' does not contain a definition for 'Id' and no accessible extension method 'Id' accepting a first argument of type 'ApplicationUser' could be found (are you missing a using directive or an assembly reference?) [c:\Users\joche\source\repos\SivarOs\Sivar.Os\Xaf.Sivar.Os\Xaf.Sivar.Os.Module\Xaf.Sivar.Os.Module.csproj]
    96 Warning(s)
    1 Error(s)

Time Elapsed 00:00:01.62
