  Determining projects to restore...
C:\Users\joche\source\repos\SivarOs\Sivar.Os\Sivar.Os\Sivar.Os.csproj : warning NU1504: Duplicate 'PackageReference' items found. Remove the duplicate items or use the Update functionality to ensure a consistent restore behavior. The duplicate 'PackageReference' items are: System.Numerics.Tensors 9.0.10, System.Numerics.Tensors 9.0.0.
C:\Users\joche\source\repos\SivarOs\Sivar.Os\Sivar.Os.Tests\Sivar.Os.Tests.csproj : warning NU1603: Sivar.Os.Tests depends on Microsoft.NET.Test.Sdk (>= 17.8.2) but Microsoft.NET.Test.Sdk 17.8.2 was not found. Microsoft.NET.Test.Sdk 17.9.0 was resolved instead.
  All projects are up-to-date for restore.
C:\Program Files\dotnet\sdk\10.0.100-rc.2.25502.107\Sdks\Microsoft.NET.Sdk\targets\Microsoft.NET.RuntimeIdentifierInference.targets(351,5): message NETSDK1057: You are using a preview version of .NET. See: https://aka.ms/dotnet-support-policy [C:\Users\joche\source\repos\SivarOs\Sivar.Os\Sivar.Os.Tests\Sivar.Os.Tests.csproj]
C:\Users\joche\source\repos\SivarOs\Sivar.Os\Sivar.Os.Tests\Sivar.Os.Tests.csproj : warning NU1603: Sivar.Os.Tests depends on Microsoft.NET.Test.Sdk (>= 17.8.2) but Microsoft.NET.Test.Sdk 17.8.2 was not found. Microsoft.NET.Test.Sdk 17.9.0 was resolved instead.
C:\Program Files\dotnet\sdk\10.0.100-rc.2.25502.107\Sdks\Microsoft.NET.Sdk\targets\Microsoft.NET.RuntimeIdentifierInference.targets(351,5): message NETSDK1057: You are using a preview version of .NET. See: https://aka.ms/dotnet-support-policy [C:\Users\joche\source\repos\SivarOs\Sivar.Os\Sivar.Os.Shared\Sivar.Os.Shared.csproj]
C:\Program Files\dotnet\sdk\10.0.100-rc.2.25502.107\Sdks\Microsoft.NET.Sdk\targets\Microsoft.NET.RuntimeIdentifierInference.targets(351,5): message NETSDK1057: You are using a preview version of .NET. See: https://aka.ms/dotnet-support-policy [C:\Users\joche\source\repos\SivarOs\Sivar.Os\Sivar.Os.Data\Sivar.Os.Data.csproj]
C:\Program Files\dotnet\sdk\10.0.100-rc.2.25502.107\Sdks\Microsoft.NET.Sdk\targets\Microsoft.NET.RuntimeIdentifierInference.targets(351,5): message NETSDK1057: You are using a preview version of .NET. See: https://aka.ms/dotnet-support-policy [C:\Users\joche\source\repos\SivarOs\Sivar.Os\Sivar.Os\Sivar.Os.csproj]
C:\Users\joche\source\repos\SivarOs\Sivar.Os\Sivar.Os\Sivar.Os.csproj : warning NU1504: Duplicate 'PackageReference' items found. Remove the duplicate items or use the Update functionality to ensure a consistent restore behavior. The duplicate 'PackageReference' items are: System.Numerics.Tensors 9.0.10, System.Numerics.Tensors 9.0.0.
  Sivar.Os.Shared -> C:\Users\joche\source\repos\SivarOs\Sivar.Os\Sivar.Os.Shared\bin\Debug\net9.0\Sivar.Os.Shared.dll
  Sivar.Os.Data -> C:\Users\joche\source\repos\SivarOs\Sivar.Os\Sivar.Os.Data\bin\Debug\net9.0\Sivar.Os.Data.dll
  Sivar.Os.Client -> C:\Users\joche\source\repos\SivarOs\Sivar.Os\Sivar.Os.Client\bin\Debug\net9.0\Sivar.Os.Client.dll
  Sivar.Os.Client (Blazor output) -> C:\Users\joche\source\repos\SivarOs\Sivar.Os\Sivar.Os.Client\bin\Debug\net9.0\wwwroot
  Sivar.Os -> C:\Users\joche\source\repos\SivarOs\Sivar.Os\Sivar.Os\bin\Debug\net9.0\Sivar.Os.dll
  Sivar.Os.Tests -> C:\Users\joche\source\repos\SivarOs\Sivar.Os\Sivar.Os.Tests\bin\Debug\net9.0\Sivar.Os.Tests.dll
Test run for C:\Users\joche\source\repos\SivarOs\Sivar.Os\Sivar.Os.Tests\bin\Debug\net9.0\Sivar.Os.Tests.dll (.NETCoreApp,Version=v9.0)
VSTest version 18.0.0-preview-25502-107 (arm64)

Starting test execution, please wait...
A total of 1 test files matched the specified pattern.
dotnet : [xUnit.net 
00:00:00.14]     Sivar.Os
.Tests.Clients.ClientSide
ProfilesClientTests.Updat
eMyProfileAsync_WithNullR
equest_ShouldReturnNull 
[FAIL]
At line:1 char:1
+ dotnet test 
Sivar.Os.Tests --logger 
"console" 2>&1 > 
test_output.txt  ...
+ ~~~~~~~~~~~~~~~~~~~~~~~
~~~~~~~~~~~~~~~~~~~~~~~~~
~~~~~~~~~~~~~~~~~~~~
    + CategoryInfo       
       : NotSpecified:   
  ([xUnit.net 00:0...t   
 urnNull [FAIL]:Strin    
g) [], RemoteExcepti    
on
    + FullyQualifiedErro 
   rId : NativeCommandE  
  rror
 
[xUnit.net 00:00:00.15]  
   Sivar.Os.Tests.Clients
.ServerSideProfilesClient
Tests.SetMyActiveProfileA
sync_WithValidProfileId_S
houldReturnActiveProfile 
[FAIL]
[xUnit.net 00:00:00.15]  
   Sivar.Os.Tests.Clients
.ServerSideProfilesClient
Tests.UpdateMyProfileAsyn
c_WithValidRequest_Should
ReturnUpdatedProfile 
[FAIL]
[xUnit.net 00:00:00.15]  
   Sivar.Os.Tests.Clients
.ServerSideProfilesClient
Tests.GetMyActiveProfileA
sync_WithNoActiveProfile_
ShouldReturnNull [FAIL]
  Failed Sivar.Os.Tests.Clients.ClientSideProfilesClientTests.UpdateMyProfileAsync_WithNullRequest_ShouldReturnNull [44 ms]
  Error Message:
   System.InvalidOperationException : Handler did not return a response message.
  Stack Trace:
     at System.Net.Http.HttpClient.<SendAsync>g__Core|83_0(HttpRequestMessage request, HttpCompletionOption completionOption, CancellationTokenSource cts, Boolean disposeCts, CancellationTokenSource pendingRequestsCts, CancellationToken originalCancellationToken)
   at Sivar.Os.Client.Clients.BaseClient.PutAsync[TResponse](String endpoint, Object content, CancellationToken cancellationToken) in C:\Users\joche\source\repos\SivarOs\Sivar.Os\Sivar.Os.Client\Clients\BaseClient.cs:line 75
   at Sivar.Os.Client.Clients.ProfilesClient.UpdateMyProfileAsync(UpdateProfileDto request, CancellationToken cancellationToken) in C:\Users\joche\source\repos\SivarOs\Sivar.Os\Sivar.Os.Client\Clients\ProfilesClient.cs:line 33
   at Sivar.Os.Tests.Clients.ProfilesClientContractTests.UpdateMyProfileAsync_WithNullRequest_ShouldReturnNull() in C:\Users\joche\source\repos\SivarOs\Sivar.Os\Sivar.Os.Tests\Clients\ProfilesClientContractTests.cs:line 202
--- End of stack trace from previous location ---
  Failed Sivar.Os.Tests.Clients.ServerSideProfilesClientTests.SetMyActiveProfileAsync_WithValidProfileId_ShouldReturnActiveProfile [4 ms]
  Error Message:
   System.NullReferenceException : Object reference not set to an instance of an object.
  Stack Trace:
     at Sivar.Os.Services.Clients.ProfilesClient.GetKeycloakIdFromContext() in C:\Users\joche\source\repos\SivarOs\Sivar.Os\Sivar.Os\Services\Clients\ProfilesClient.cs:line 363
   at Sivar.Os.Services.Clients.ProfilesClient.SetMyActiveProfileAsync(Guid profileId, CancellationToken cancellationToken) in C:\Users\joche\source\repos\SivarOs\Sivar.Os\Sivar.Os\Services\Clients\ProfilesClient.cs:line 243
   at Sivar.Os.Tests.Clients.ProfilesClientContractTests.SetMyActiveProfileAsync_WithValidProfileId_ShouldReturnActiveProfile() in C:\Users\joche\source\repos\SivarOs\Sivar.Os\Sivar.Os.Tests\Clients\ProfilesClientContractTests.cs:line 352
--- End of stack trace from previous location ---
  Failed Sivar.Os.Tests.Clients.ServerSideProfilesClientTests.UpdateMyProfileAsync_WithValidRequest_ShouldReturnUpdatedProfile [1 ms]
  Error Message:
   System.NullReferenceException : Object reference not set to an instance of an object.
  Stack Trace:
     at Sivar.Os.Services.Clients.ProfilesClient.GetKeycloakIdFromContext() in C:\Users\joche\source\repos\SivarOs\Sivar.Os\Sivar.Os\Services\Clients\ProfilesClient.cs:line 363
   at Sivar.Os.Services.Clients.ProfilesClient.UpdateMyProfileAsync(UpdateProfileDto request, CancellationToken cancellationToken) in C:\Users\joche\source\repos\SivarOs\Sivar.Os\Sivar.Os\Services\Clients\ProfilesClient.cs:line 150
   at Sivar.Os.Tests.Clients.ProfilesClientContractTests.UpdateMyProfileAsync_WithValidRequest_ShouldReturnUpdatedProfile() in C:\Users\joche\source\repos\SivarOs\Sivar.Os\Sivar.Os.Tests\Clients\ProfilesClientContractTests.cs:line 185
--- End of stack trace from previous location ---
  Failed Sivar.Os.Tests.Clients.ServerSideProfilesClientTests.GetMyActiveProfileAsync_WithNoActiveProfile_ShouldReturnNull [1 ms]
  Error Message:
   System.NullReferenceException : Object reference not set to an instance of an object.
  Stack Trace:
     at Sivar.Os.Services.Clients.ProfilesClient.GetKeycloakIdFromContext() in C:\Users\joche\source\repos\SivarOs\Sivar.Os\Sivar.Os\Services\Clients\ProfilesClient.cs:line 363
   at Sivar.Os.Services.Clients.ProfilesClient.GetMyActiveProfileAsync(CancellationToken cancellationToken) in C:\Users\joche\source\repos\SivarOs\Sivar.Os\Sivar.Os\Services\Clients\ProfilesClient.cs:line 215
   at Sivar.Os.Tests.Clients.ProfilesClientContractTests.GetMyActiveProfileAsync_WithNoActiveProfile_ShouldReturnNull() in C:\Users\joche\source\repos\SivarOs\Sivar.Os\Sivar.Os.Tests\Clients\ProfilesClientContractTests.cs:line 328
--- End of stack trace from previous location ---
[xUnit.net 00:00:00.17]  
   Sivar.Os.Tests.Clients
.ServerSideProfilesClient
Tests.CreateMyProfileAsyn
c_WithValidRequest_Should
ReturnProfile [FAIL]
[xUnit.net 00:00:00.17]  
   Sivar.Os.Tests.Clients
.ServerSideProfilesClient
Tests.CreateMyProfileAsyn
c_MultipleProfiles_Should
ReturnDifferentIds [FAIL]
[xUnit.net 00:00:00.17]  
   Sivar.Os.Tests.Clients
.ServerSideProfilesClient
Tests.DeleteMyProfileAsyn
c_WithAuthenticatedUser_S
houldCallDelete [FAIL]
[xUnit.net 00:00:00.17]  
   Sivar.Os.Tests.Clients
.ServerSideProfilesClient
Tests.UpdateMyProfileAsyn
c_WithNullRequest_ShouldR
eturnNull [FAIL]
[xUnit.net 00:00:00.17]  
   Sivar.Os.Tests.Clients
.ServerSideProfilesClient
Tests.GetMyProfileAsync_W
henProfileExists_ShouldRe
turnProfile [FAIL]
[xUnit.net 00:00:00.17]  
   Sivar.Os.Tests.Clients
.ServerSideProfilesClient
Tests.GetMyActiveProfileA
sync_WhenProfileExists_Sh
ouldReturnActiveProfile 
[FAIL]
[xUnit.net 00:00:00.17]  
   Sivar.Os.Tests.Clients
.ServerSideProfilesClient
Tests.GetAllMyProfilesAsy
nc_WithNoProfiles_ShouldR
eturnEmptyCollection 
[FAIL]
  Failed Sivar.Os.Tests.Clients.ServerSideProfilesClientTests.CreateMyProfileAsync_WithValidRequest_ShouldReturnProfile [1 ms]
  Error Message:
   System.NullReferenceException : Object reference not set to an instance of an object.
  Stack Trace:
     at Sivar.Os.Services.Clients.ProfilesClient.GetKeycloakIdFromContext() in C:\Users\joche\source\repos\SivarOs\Sivar.Os\Sivar.Os\Services\Clients\ProfilesClient.cs:line 363
   at Sivar.Os.Services.Clients.ProfilesClient.CreateMyProfileAsync(CreateProfileDto request, CancellationToken cancellationToken) in C:\Users\joche\source\repos\SivarOs\Sivar.Os\Sivar.Os\Services\Clients\ProfilesClient.cs:line 128
   at Sivar.Os.Tests.Clients.ProfilesClientContractTests.CreateMyProfileAsync_WithValidRequest_ShouldReturnProfile() in C:\Users\joche\source\repos\SivarOs\Sivar.Os\Sivar.Os.Tests\Clients\ProfilesClientContractTests.cs:line 53
--- End of stack trace from previous location ---
  Failed Sivar.Os.Tests.Clients.ServerSideProfilesClientTests.CreateMyProfileAsync_MultipleProfiles_ShouldReturnDifferentIds [1 ms]
  Error Message:
   System.NullReferenceException : Object reference not set to an instance of an object.
  Stack Trace:
     at Sivar.Os.Services.Clients.ProfilesClient.GetKeycloakIdFromContext() in C:\Users\joche\source\repos\SivarOs\Sivar.Os\Sivar.Os\Services\Clients\ProfilesClient.cs:line 363
   at Sivar.Os.Services.Clients.ProfilesClient.CreateMyProfileAsync(CreateProfileDto request, CancellationToken cancellationToken) in C:\Users\joche\source\repos\SivarOs\Sivar.Os\Sivar.Os\Services\Clients\ProfilesClient.cs:line 128
   at Sivar.Os.Tests.Clients.ProfilesClientContractTests.CreateMyProfileAsync_MultipleProfiles_ShouldReturnDifferentIds() in C:\Users\joche\source\repos\SivarOs\Sivar.Os\Sivar.Os.Tests\Clients\ProfilesClientContractTests.cs:line 106
--- End of stack trace from previous location ---
  Failed Sivar.Os.Tests.Clients.ServerSideProfilesClientTests.DeleteMyProfileAsync_WithAuthenticatedUser_ShouldCallDelete [1 ms]
  Error Message:
   System.NullReferenceException : Object reference not set to an instance of an object.
  Stack Trace:
     at Sivar.Os.Services.Clients.ProfilesClient.GetKeycloakIdFromContext() in C:\Users\joche\source\repos\SivarOs\Sivar.Os\Sivar.Os\Services\Clients\ProfilesClient.cs:line 363
   at Sivar.Os.Services.Clients.ProfilesClient.DeleteMyProfileAsync(CancellationToken cancellationToken) in C:\Users\joche\source\repos\SivarOs\Sivar.Os\Sivar.Os\Services\Clients\ProfilesClient.cs:line 172
   at Sivar.Os.Tests.Clients.ProfilesClientContractTests.DeleteMyProfileAsync_WithAuthenticatedUser_ShouldCallDelete() in C:\Users\joche\source\repos\SivarOs\Sivar.Os\Sivar.Os.Tests\Clients\ProfilesClientContractTests.cs:line 231
--- End of stack trace from previous location ---
  Failed Sivar.Os.Tests.Clients.ServerSideProfilesClientTests.UpdateMyProfileAsync_WithNullRequest_ShouldReturnNull [< 1 ms]
  Error Message:
   System.NullReferenceException : Object reference not set to an instance of an object.
  Stack Trace:
     at Sivar.Os.Services.Clients.ProfilesClient.GetKeycloakIdFromContext() in C:\Users\joche\source\repos\SivarOs\Sivar.Os\Sivar.Os\Services\Clients\ProfilesClient.cs:line 363
   at Sivar.Os.Services.Clients.ProfilesClient.UpdateMyProfileAsync(UpdateProfileDto request, CancellationToken cancellationToken) in C:\Users\joche\source\repos\SivarOs\Sivar.Os\Sivar.Os\Services\Clients\ProfilesClient.cs:line 150
   at Sivar.Os.Tests.Clients.ProfilesClientContractTests.UpdateMyProfileAsync_WithNullRequest_ShouldReturnNull() in C:\Users\joche\source\repos\SivarOs\Sivar.Os\Sivar.Os.Tests\Clients\ProfilesClientContractTests.cs:line 202
--- End of stack trace from previous location ---
  Failed Sivar.Os.Tests.Clients.ServerSideProfilesClientTests.GetMyProfileAsync_WhenProfileExists_ShouldReturnProfile [< 1 ms]
  Error Message:
   System.NullReferenceException : Object reference not set to an instance of an object.
  Stack Trace:
     at Sivar.Os.Services.Clients.ProfilesClient.GetKeycloakIdFromContext() in C:\Users\joche\source\repos\SivarOs\Sivar.Os\Sivar.Os\Services\Clients\ProfilesClient.cs:line 363
   at Sivar.Os.Services.Clients.ProfilesClient.GetMyProfileAsync(CancellationToken cancellationToken) in C:\Users\joche\source\repos\SivarOs\Sivar.Os\Sivar.Os\Services\Clients\ProfilesClient.cs:line 100
   at Sivar.Os.Tests.Clients.ProfilesClientContractTests.GetMyProfileAsync_WhenProfileExists_ShouldReturnProfile() in C:\Users\joche\source\repos\SivarOs\Sivar.Os\Sivar.Os.Tests\Clients\ProfilesClientContractTests.cs:line 129
--- End of stack trace from previous location ---
  Failed Sivar.Os.Tests.Clients.ServerSideProfilesClientTests.GetMyActiveProfileAsync_WhenProfileExists_ShouldReturnActiveProfile [< 1 ms]
  Error Message:
   System.NullReferenceException : Object reference not set to an instance of an object.
  Stack Trace:
     at Sivar.Os.Services.Clients.ProfilesClient.GetKeycloakIdFromContext() in C:\Users\joche\source\repos\SivarOs\Sivar.Os\Sivar.Os\Services\Clients\ProfilesClient.cs:line 363
   at Sivar.Os.Services.Clients.ProfilesClient.GetMyActiveProfileAsync(CancellationToken cancellationToken) in C:\Users\joche\source\repos\SivarOs\Sivar.Os\Sivar.Os\Services\Clients\ProfilesClient.cs:line 215
   at Sivar.Os.Tests.Clients.ProfilesClientContractTests.GetMyActiveProfileAsync_WhenProfileExists_ShouldReturnActiveProfile() in C:\Users\joche\source\repos\SivarOs\Sivar.Os\Sivar.Os.Tests\Clients\ProfilesClientContractTests.cs:line 311
--- End of stack trace from previous location ---
  Failed Sivar.Os.Tests.Clients.ServerSideProfilesClientTests.GetAllMyProfilesAsync_WithNoProfiles_ShouldReturnEmptyCollection [1 ms]
  Error Message:
   System.NullReferenceException : Object reference not set to an instance of an object.
  Stack Trace:
     at Sivar.Os.Services.Clients.ProfilesClient.GetKeycloakIdFromContext() in C:\Users\joche\source\repos\SivarOs\Sivar.Os\Sivar.Os\Services\Clients\ProfilesClient.cs:line 363
   at Sivar.Os.Services.Clients.ProfilesClient.GetAllMyProfilesAsync(CancellationToken cancellationToken) in C:\Users\joche\source\repos\SivarOs\Sivar.Os\Sivar.Os\Services\Clients\ProfilesClient.cs:line 193
   at Sivar.Os.Tests.Clients.ProfilesClientContractTests.GetAllMyProfilesAsync_WithNoProfiles_ShouldReturnEmptyCollection() in C:\Users\joche\source\repos\SivarOs\Sivar.Os\Sivar.Os.Tests\Clients\ProfilesClientContractTests.cs:line 279
--- End of stack trace from previous location ---
[xUnit.net 00:00:00.21]  
   Sivar.Os.Tests.Clients
.ServerSideProfilesClient
Tests.GetAllMyProfilesAsy
nc_WithUnauthenticatedUse
r_ShouldReturnNull [FAIL]
[xUnit.net 00:00:00.21]  
   Sivar.Os.Tests.Clients
.ServerSideProfilesClient
Tests.GetAllMyProfilesAsy
nc_WhenProfilesExist_Shou
ldReturnCollection [FAIL]
[xUnit.net 00:00:00.21]  
   Sivar.Os.Tests.Clients
.ServerSideProfilesClient
Tests.GetMyProfileAsync_W
henProfileNotFound_Should
ReturnNull [FAIL]
[xUnit.net 00:00:00.21]  
   Sivar.Os.Tests.Clients
.ClientSideProfilesClient
Tests.UpdateMyProfileAsyn
c_WithValidRequest_Should
ReturnUpdatedProfile 
[FAIL]
  Failed Sivar.Os.Tests.Clients.ServerSideProfilesClientTests.GetAllMyProfilesAsync_WithUnauthenticatedUser_ShouldReturnNull [39 ms]
  Error Message:
   Expected result to be <null>, but found {empty}.
  Stack Trace:
     at FluentAssertions.Execution.XUnit2TestFramework.Throw(String message)
   at FluentAssertions.Execution.TestFrameworkProvider.Throw(String message)
   at FluentAssertions.Execution.DefaultAssertionStrategy.HandleFailure(String message)
   at FluentAssertions.Execution.AssertionScope.FailWith(Func`1 failReasonFunc)
   at FluentAssertions.Execution.AssertionScope.FailWith(Func`1 failReasonFunc)
   at FluentAssertions.Execution.AssertionScope.FailWith(String message, Object[] args)
   at FluentAssertions.Primitives.ReferenceTypeAssertions`2.BeNull(String because, Object[] becauseArgs)
   at Sivar.Os.Tests.Clients.ProfilesClientContractTests.GetAllMyProfilesAsync_WithUnauthenticatedUser_ShouldReturnNull() in C:\Users\joche\source\repos\SivarOs\Sivar.Os\Sivar.Os.Tests\Clients\ProfilesClientContractTests.cs:line 296
--- End of stack trace from previous location ---
  Failed Sivar.Os.Tests.Clients.ServerSideProfilesClientTests.GetAllMyProfilesAsync_WhenProfilesExist_ShouldReturnCollection [< 1 ms]
  Error Message:
   System.NullReferenceException : Object reference not set to an instance of an object.
  Stack Trace:
     at Sivar.Os.Services.Clients.ProfilesClient.GetKeycloakIdFromContext() in C:\Users\joche\source\repos\SivarOs\Sivar.Os\Sivar.Os\Services\Clients\ProfilesClient.cs:line 363
   at Sivar.Os.Services.Clients.ProfilesClient.GetAllMyProfilesAsync(CancellationToken cancellationToken) in C:\Users\joche\source\repos\SivarOs\Sivar.Os\Sivar.Os\Services\Clients\ProfilesClient.cs:line 193
   at Sivar.Os.Tests.Clients.ProfilesClientContractTests.GetAllMyProfilesAsync_WhenProfilesExist_ShouldReturnCollection() in C:\Users\joche\source\repos\SivarOs\Sivar.Os\Sivar.Os.Tests\Clients\ProfilesClientContractTests.cs:line 262
--- End of stack trace from previous location ---
  Failed Sivar.Os.Tests.Clients.ServerSideProfilesClientTests.GetMyProfileAsync_WhenProfileNotFound_ShouldReturnNull [< 1 ms]
  Error Message:
   System.NullReferenceException : Object reference not set to an instance of an object.
  Stack Trace:
     at Sivar.Os.Services.Clients.ProfilesClient.GetKeycloakIdFromContext() in C:\Users\joche\source\repos\SivarOs\Sivar.Os\Sivar.Os\Services\Clients\ProfilesClient.cs:line 363
   at Sivar.Os.Services.Clients.ProfilesClient.GetMyProfileAsync(CancellationToken cancellationToken) in C:\Users\joche\source\repos\SivarOs\Sivar.Os\Sivar.Os\Services\Clients\ProfilesClient.cs:line 100
   at Sivar.Os.Tests.Clients.ProfilesClientContractTests.GetMyProfileAsync_WhenProfileNotFound_ShouldReturnNull() in C:\Users\joche\source\repos\SivarOs\Sivar.Os\Sivar.Os.Tests\Clients\ProfilesClientContractTests.cs:line 146
--- End of stack trace from previous location ---
  Failed Sivar.Os.Tests.Clients.ClientSideProfilesClientTests.UpdateMyProfileAsync_WithValidRequest_ShouldReturnUpdatedProfile [4 ms]
  Error Message:
   Expected result.Bio to be "Updated bio text" with a length of 16, but "This is a test bio" has a length of 18, differs near "Thi" (index 0).
  Stack Trace:
     at FluentAssertions.Execution.XUnit2TestFramework.Throw(String message)
   at FluentAssertions.Execution.TestFrameworkProvider.Throw(String message)
   at FluentAssertions.Execution.DefaultAssertionStrategy.HandleFailure(String message)
   at FluentAssertions.Execution.AssertionScope.FailWith(Func`1 failReasonFunc)
   at FluentAssertions.Execution.AssertionScope.FailWith(Func`1 failReasonFunc)
   at FluentAssertions.Primitives.StringEqualityValidator.ValidateAgainstLengthDifferences()
   at FluentAssertions.Primitives.StringValidator.Validate()
   at FluentAssertions.Primitives.StringAssertions`1.Be(String expected, String because, Object[] becauseArgs)
   at Sivar.Os.Tests.Clients.ProfilesClientContractTests.UpdateMyProfileAsync_WithValidRequest_ShouldReturnUpdatedProfile() in C:\Users\joche\source\repos\SivarOs\Sivar.Os\Sivar.Os.Tests\Clients\ProfilesClientContractTests.cs:line 190
--- End of stack trace from previous location ---
[xUnit.net 00:00:00.22]  
   Sivar.Os.Tests.Clients
.ClientSideProfilesClient
Tests.DeleteMyProfileAsyn
c_WithUnauthenticatedUser
_ShouldNotCallDelete 
[FAIL]
[xUnit.net 00:00:00.23]  
   Sivar.Os.Tests.Clients
.ClientSideProfilesClient
Tests.CreateMyProfileAsyn
c_WithValidRequest_Should
ReturnProfile [FAIL]
  Failed Sivar.Os.Tests.Clients.ClientSideProfilesClientTests.DeleteMyProfileAsync_WithUnauthenticatedUser_ShouldNotCallDelete [4 ms]
  Error Message:
   Moq.MockException : 
Expected invocation on the mock should never have been performed, but was 1 times: mock => mock.SendAsync(It.Is<HttpRequestMessage>(msg => msg.Method == HttpMethod.Delete && msg.RequestUri.PathAndQuery.Contains("/api/profiles/my")), It.IsAny<CancellationToken>())

Performed invocations:

   Mock<HttpMessageHandler:10> (mock):

      HttpMessageHandler.SendAsync(Method: DELETE, RequestUri: 'https://localhost:7001/api/profiles/my', Version: 1.1, Content: <null>, Headers:
{
}, CancellationToken)

  Stack Trace:
     at Moq.Mock.Verify(Mock mock, LambdaExpression expression, Times times, String failMessage) in /_/src/Moq/Mock.cs:line 331
   at Moq.Protected.ProtectedMock`1.InternalVerify(String methodName, Type[] genericTypeArguments, Times times, Boolean exactParameterMatch, Object[] args) in /_/src/Moq/Protected/ProtectedMock.cs:line 234
   at Moq.Protected.ProtectedMock`1.Verify(String methodName, Times times, Object[] args) in /_/src/Moq/Protected/ProtectedMock.cs:line 206
   at Sivar.Os.Tests.Clients.ClientSideProfilesClientTests.VerifyDeleteMyProfileWasNotCalled() in C:\Users\joche\source\repos\SivarOs\Sivar.Os\Sivar.Os.Tests\Clients\ClientSideProfilesClientTests.cs:line 283
   at Sivar.Os.Tests.Clients.ProfilesClientContractTests.DeleteMyProfileAsync_WithUnauthenticatedUser_ShouldNotCallDelete() in C:\Users\joche\source\repos\SivarOs\Sivar.Os\Sivar.Os.Tests\Clients\ProfilesClientContractTests.cs:line 247
--- End of stack trace from previous location ---
  Failed Sivar.Os.Tests.Clients.ClientSideProfilesClientTests.CreateMyProfileAsync_WithValidRequest_ShouldReturnProfile [2 ms]
  Error Message:
   Expected result.Location to be Test City, Test State, Test Country, but found Test City, Test State, Test Country.
  Stack Trace:
     at FluentAssertions.Execution.XUnit2TestFramework.Throw(String message)
   at FluentAssertions.Execution.TestFrameworkProvider.Throw(String message)
   at FluentAssertions.Execution.DefaultAssertionStrategy.HandleFailure(String message)
   at FluentAssertions.Execution.AssertionScope.FailWith(Func`1 failReasonFunc)
   at FluentAssertions.Execution.AssertionScope.FailWith(Func`1 failReasonFunc)
   at FluentAssertions.Execution.AssertionScope.FailWith(String message, Object[] args)
   at FluentAssertions.Primitives.ObjectAssertions`2.Be(TSubject expected, String because, Object[] becauseArgs)
   at Sivar.Os.Tests.Clients.ProfilesClientContractTests.CreateMyProfileAsync_WithValidRequest_ShouldReturnProfile() in C:\Users\joche\source\repos\SivarOs\Sivar.Os\Sivar.Os.Tests\Clients\ProfilesClientContractTests.cs:line 60
--- End of stack trace from previous location ---
[xUnit.net 00:00:00.24]  
   Sivar.Os.Tests.Clients
.ClientSideProfilesClient
Tests.CreateMyProfileAsyn
c_MultipleProfiles_Should
ReturnDifferentIds [FAIL]
  Failed Sivar.Os.Tests.Clients.ClientSideProfilesClientTests.CreateMyProfileAsync_MultipleProfiles_ShouldReturnDifferentIds [2 ms]
  Error Message:
   Did not expect result1.Id to be {38442e65-27e7-4286-a18e-fd57f7357fd3}.
  Stack Trace:
     at FluentAssertions.Execution.XUnit2TestFramework.Throw(String message)
   at FluentAssertions.Execution.TestFrameworkProvider.Throw(String message)
   at FluentAssertions.Execution.DefaultAssertionStrategy.HandleFailure(String message)
   at FluentAssertions.Execution.AssertionScope.FailWith(Func`1 failReasonFunc)
   at FluentAssertions.Execution.AssertionScope.FailWith(Func`1 failReasonFunc)
   at FluentAssertions.Execution.AssertionScope.FailWith(String message, Object[] args)
   at FluentAssertions.Primitives.GuidAssertions`1.NotBe(Guid unexpected, String because, Object[] becauseArgs)
   at Sivar.Os.Tests.Clients.ProfilesClientContractTests.CreateMyProfileAsync_MultipleProfiles_ShouldReturnDifferentIds() in C:\Users\joche\source\repos\SivarOs\Sivar.Os\Sivar.Os.Tests\Clients\ProfilesClientContractTests.cs:line 112
--- End of stack trace from previous location ---

Failed!  - Failed:    18, Passed:    20, Skipped:     0, Total:    38, Duration: 150 ms - Sivar.Os.Tests.dll (net9.0)
